###############################################################################
#
# IAR ELF Linker V9.40.1.364/W64 for ARM                  07/Mar/2025  21:15:03
# Copyright 2007-2023 IAR Systems AB.
#
#    Output file  =
#        E:\code\car\CYT4BB7_Library\Seekfree_CYT4BB_Opensource_Library\project\iar\Debug_m7_0\Exe\cyt4bb7_cm_7_0.out
#    Map file     =
#        E:\code\car\CYT4BB7_Library\Seekfree_CYT4BB_Opensource_Library\project\iar\Debug_m7_0\List\cyt4bb7_cm_7_0.map
#    Command line =
#        -f
#        E:\code\car\CYT4BB7_Library\Seekfree_CYT4BB_Opensource_Library\project\iar\Debug_m7_0\Exe\cyt4bb7_cm_7_0.out.rsp
#        (E:\code\car\CYT4BB7_Library\Seekfree_CYT4BB_Opensource_Library\project\iar\Debug_m7_0\Obj\user_8514941877209965082.dir\cm7_0_isr.o
#        E:\code\car\CYT4BB7_Library\Seekfree_CYT4BB_Opensource_Library\project\iar\Debug_m7_0\Obj\adc_11722776235721520015.dir\cy_adc.o
#        E:\code\car\CYT4BB7_Library\Seekfree_CYT4BB_Opensource_Library\project\iar\Debug_m7_0\Obj\button_4990804375159372270.dir\cy_button.o
#        E:\code\car\CYT4BB7_Library\Seekfree_CYT4BB_Opensource_Library\project\iar\Debug_m7_0\Obj\canfd_1800690984773873875.dir\cy_canfd.o
#        E:\code\car\CYT4BB7_Library\Seekfree_CYT4BB_Opensource_Library\project\iar\Debug_m7_0\Obj\cpu_15938736945165268644.dir\cy_cpu.o
#        E:\code\car\CYT4BB7_Library\Seekfree_CYT4BB_Opensource_Library\project\iar\Debug_m7_0\Obj\crypto_1190170608956581615.dir\cy_crypto_config.o
#        E:\code\car\CYT4BB7_Library\Seekfree_CYT4BB_Opensource_Library\project\iar\Debug_m7_0\Obj\eth_phy_18133017486186456677.dir\cy_dp83867.o
#        E:\code\car\CYT4BB7_Library\Seekfree_CYT4BB_Opensource_Library\project\iar\Debug_m7_0\Obj\ethernet_6029839089178797009.dir\cy_ethif.o
#        E:\code\car\CYT4BB7_Library\Seekfree_CYT4BB_Opensource_Library\project\iar\Debug_m7_0\Obj\evtgen_3404189088603873129.dir\cy_evtgen.o
#        E:\code\car\CYT4BB7_Library\Seekfree_CYT4BB_Opensource_Library\project\iar\Debug_m7_0\Obj\flash_8529866181315662935.dir\cy_flash.o
#        E:\code\car\CYT4BB7_Library\Seekfree_CYT4BB_Opensource_Library\project\iar\Debug_m7_0\Obj\gpio_3999404635324069351.dir\cy_gpio.o
#        E:\code\car\CYT4BB7_Library\Seekfree_CYT4BB_Opensource_Library\project\iar\Debug_m7_0\Obj\audioss_1346650047966882938.dir\cy_i2s.o
#        E:\code\car\CYT4BB7_Library\Seekfree_CYT4BB_Opensource_Library\project\iar\Debug_m7_0\Obj\rev_b_6162237342861132223.dir\cy_interrupt_map.o
#        E:\code\car\CYT4BB7_Library\Seekfree_CYT4BB_Opensource_Library\project\iar\Debug_m7_0\Obj\ipc_10145506163450686023.dir\cy_ipc_drv.o
#        E:\code\car\CYT4BB7_Library\Seekfree_CYT4BB_Opensource_Library\project\iar\Debug_m7_0\Obj\ipc_10145506163450686023.dir\cy_ipc_pipe.o
#        E:\code\car\CYT4BB7_Library\Seekfree_CYT4BB_Opensource_Library\project\iar\Debug_m7_0\Obj\ipc_10145506163450686023.dir\cy_ipc_sema.o
#        E:\code\car\CYT4BB7_Library\Seekfree_CYT4BB_Opensource_Library\project\iar\Debug_m7_0\Obj\lin_18429031207028094880.dir\cy_lin.o
#        E:\code\car\CYT4BB7_Library\Seekfree_CYT4BB_Opensource_Library\project\iar\Debug_m7_0\Obj\lvd_6353935867039560245.dir\cy_lvd.o
#        E:\code\car\CYT4BB7_Library\Seekfree_CYT4BB_Opensource_Library\project\iar\Debug_m7_0\Obj\mcwdt_4052485907822033969.dir\cy_mcwdt.o
#        E:\code\car\CYT4BB7_Library\Seekfree_CYT4BB_Opensource_Library\project\iar\Debug_m7_0\Obj\dma_12106025507578611576.dir\cy_mdma.o
#        E:\code\car\CYT4BB7_Library\Seekfree_CYT4BB_Opensource_Library\project\iar\Debug_m7_0\Obj\mpu_5663187252346826382.dir\cy_mpu.o
#        E:\code\car\CYT4BB7_Library\Seekfree_CYT4BB_Opensource_Library\project\iar\Debug_m7_0\Obj\flash_864493325053435817.dir\cy_mw_flash.o
#        E:\code\car\CYT4BB7_Library\Seekfree_CYT4BB_Opensource_Library\project\iar\Debug_m7_0\Obj\dma_12106025507578611576.dir\cy_pdma.o
#        E:\code\car\CYT4BB7_Library\Seekfree_CYT4BB_Opensource_Library\project\iar\Debug_m7_0\Obj\power_14453085144426420577.dir\cy_power.o
#        E:\code\car\CYT4BB7_Library\Seekfree_CYT4BB_Opensource_Library\project\iar\Debug_m7_0\Obj\prot_10722960861768657883.dir\cy_prot.o
#        E:\code\car\CYT4BB7_Library\Seekfree_CYT4BB_Opensource_Library\project\iar\Debug_m7_0\Obj\scb_15490842639181808494.dir\cy_scb_common.o
#        E:\code\car\CYT4BB7_Library\Seekfree_CYT4BB_Opensource_Library\project\iar\Debug_m7_0\Obj\scb_15490842639181808494.dir\cy_scb_ezi2c.o
#        E:\code\car\CYT4BB7_Library\Seekfree_CYT4BB_Opensource_Library\project\iar\Debug_m7_0\Obj\scb_15490842639181808494.dir\cy_scb_i2c.o
#        E:\code\car\CYT4BB7_Library\Seekfree_CYT4BB_Opensource_Library\project\iar\Debug_m7_0\Obj\scb_15490842639181808494.dir\cy_scb_spi.o
#        E:\code\car\CYT4BB7_Library\Seekfree_CYT4BB_Opensource_Library\project\iar\Debug_m7_0\Obj\scb_15490842639181808494.dir\cy_scb_uart.o
#        E:\code\car\CYT4BB7_Library\Seekfree_CYT4BB_Opensource_Library\project\iar\Debug_m7_0\Obj\sd_host_2982766354293506895.dir\cy_sd_host.o
#        E:\code\car\CYT4BB7_Library\Seekfree_CYT4BB_Opensource_Library\project\iar\Debug_m7_0\Obj\semihosting_143864889731838620.dir\cy_semihosting.o
#        E:\code\car\CYT4BB7_Library\Seekfree_CYT4BB_Opensource_Library\project\iar\Debug_m7_0\Obj\smartio_5451710003740070188.dir\cy_smartio.o
#        E:\code\car\CYT4BB7_Library\Seekfree_CYT4BB_Opensource_Library\project\iar\Debug_m7_0\Obj\smif_427648126384146252.dir\cy_smif.o
#        E:\code\car\CYT4BB7_Library\Seekfree_CYT4BB_Opensource_Library\project\iar\Debug_m7_0\Obj\smif_mem_6470536964353725183.dir\cy_smif_device_common.o
#        E:\code\car\CYT4BB7_Library\Seekfree_CYT4BB_Opensource_Library\project\iar\Debug_m7_0\Obj\smif_mem_6470536964353725183.dir\cy_smif_hb_flash.o
#        E:\code\car\CYT4BB7_Library\Seekfree_CYT4BB_Opensource_Library\project\iar\Debug_m7_0\Obj\smif_427648126384146252.dir\cy_smif_memslot.o
#        E:\code\car\CYT4BB7_Library\Seekfree_CYT4BB_Opensource_Library\project\iar\Debug_m7_0\Obj\smif_mem_6470536964353725183.dir\cy_smif_s25fl.o
#        E:\code\car\CYT4BB7_Library\Seekfree_CYT4BB_Opensource_Library\project\iar\Debug_m7_0\Obj\smif_mem_6470536964353725183.dir\cy_smif_s25fs.o
#        E:\code\car\CYT4BB7_Library\Seekfree_CYT4BB_Opensource_Library\project\iar\Debug_m7_0\Obj\smif_mem_6470536964353725183.dir\cy_smif_semp.o
#        E:\code\car\CYT4BB7_Library\Seekfree_CYT4BB_Opensource_Library\project\iar\Debug_m7_0\Obj\smif_427648126384146252.dir\cy_smif_ver_specific.o
#        E:\code\car\CYT4BB7_Library\Seekfree_CYT4BB_Opensource_Library\project\iar\Debug_m7_0\Obj\srom_13018798572330080582.dir\cy_srom.o
#        E:\code\car\CYT4BB7_Library\Seekfree_CYT4BB_Opensource_Library\project\iar\Debug_m7_0\Obj\sw_timer_4215635015939382130.dir\cy_sw_tmr.o
#        E:\code\car\CYT4BB7_Library\Seekfree_CYT4BB_Opensource_Library\project\iar\Debug_m7_0\Obj\sysclk_16149231235676103872.dir\cy_sysclk.o
#        E:\code\car\CYT4BB7_Library\Seekfree_CYT4BB_Opensource_Library\project\iar\Debug_m7_0\Obj\sysflt_12293435975120599261.dir\cy_sysflt.o
#        E:\code\car\CYT4BB7_Library\Seekfree_CYT4BB_Opensource_Library\project\iar\Debug_m7_0\Obj\sysint_7435970359207984181.dir\cy_sysint.o
#        E:\code\car\CYT4BB7_Library\Seekfree_CYT4BB_Opensource_Library\project\iar\Debug_m7_0\Obj\syslib_16330585751512546975.dir\cy_syslib.o
#        E:\code\car\CYT4BB7_Library\Seekfree_CYT4BB_Opensource_Library\project\iar\Debug_m7_0\Obj\syslib_16330585751512546975.dir\cy_syslib_iar.o
#        E:\code\car\CYT4BB7_Library\Seekfree_CYT4BB_Opensource_Library\project\iar\Debug_m7_0\Obj\syspm_10887939769544754770.dir\cy_syspm.o
#        E:\code\car\CYT4BB7_Library\Seekfree_CYT4BB_Opensource_Library\project\iar\Debug_m7_0\Obj\sysreghc_17676636058511625587.dir\cy_sysreghc.o
#        E:\code\car\CYT4BB7_Library\Seekfree_CYT4BB_Opensource_Library\project\iar\Debug_m7_0\Obj\sysreset_14586141425677365288.dir\cy_sysreset.o
#        E:\code\car\CYT4BB7_Library\Seekfree_CYT4BB_Opensource_Library\project\iar\Debug_m7_0\Obj\sysrtc_10747768817563771611.dir\cy_sysrtc.o
#        E:\code\car\CYT4BB7_Library\Seekfree_CYT4BB_Opensource_Library\project\iar\Debug_m7_0\Obj\systick_16016591671695740695.dir\cy_systick.o
#        E:\code\car\CYT4BB7_Library\Seekfree_CYT4BB_Opensource_Library\project\iar\Debug_m7_0\Obj\syswdt_9118657615806274156.dir\cy_syswdt.o
#        E:\code\car\CYT4BB7_Library\Seekfree_CYT4BB_Opensource_Library\project\iar\Debug_m7_0\Obj\tcpwm_422923530147891246.dir\cy_tcpwm.o
#        E:\code\car\CYT4BB7_Library\Seekfree_CYT4BB_Opensource_Library\project\iar\Debug_m7_0\Obj\tcpwm_422923530147891246.dir\cy_tcpwm_counter.o
#        E:\code\car\CYT4BB7_Library\Seekfree_CYT4BB_Opensource_Library\project\iar\Debug_m7_0\Obj\tcpwm_422923530147891246.dir\cy_tcpwm_pwm.o
#        E:\code\car\CYT4BB7_Library\Seekfree_CYT4BB_Opensource_Library\project\iar\Debug_m7_0\Obj\tcpwm_422923530147891246.dir\cy_tcpwm_quaddec.o
#        E:\code\car\CYT4BB7_Library\Seekfree_CYT4BB_Opensource_Library\project\iar\Debug_m7_0\Obj\tcpwm_422923530147891246.dir\cy_tcpwm_sr.o
#        E:\code\car\CYT4BB7_Library\Seekfree_CYT4BB_Opensource_Library\project\iar\Debug_m7_0\Obj\trigmux_9729677290734583340.dir\cy_trigmux.o
#        E:\code\car\CYT4BB7_Library\Seekfree_CYT4BB_Opensource_Library\project\iar\Debug_m7_0\Obj\ethernet_6029839089178797009.dir\edd.o
#        E:\code\car\CYT4BB7_Library\Seekfree_CYT4BB_Opensource_Library\project\iar\Debug_m7_0\Obj\ethernet_6029839089178797009.dir\edd_rx.o
#        E:\code\car\CYT4BB7_Library\Seekfree_CYT4BB_Opensource_Library\project\iar\Debug_m7_0\Obj\ethernet_6029839089178797009.dir\edd_tx.o
#        E:\code\car\CYT4BB7_Library\Seekfree_CYT4BB_Opensource_Library\project\iar\Debug_m7_0\Obj\code_17896468042025673432.dir\Inertial_nav.o
#        E:\code\car\CYT4BB7_Library\Seekfree_CYT4BB_Opensource_Library\project\iar\Debug_m7_0\Obj\user_8514941877209965082.dir\main_cm7_0.o
#        E:\code\car\CYT4BB7_Library\Seekfree_CYT4BB_Opensource_Library\project\iar\Debug_m7_0\Obj\zf_components_14936052685886095442.dir\seekfree_assistant.o
#        E:\code\car\CYT4BB7_Library\Seekfree_CYT4BB_Opensource_Library\project\iar\Debug_m7_0\Obj\zf_components_14936052685886095442.dir\seekfree_assistant_interface.o
#        E:\code\car\CYT4BB7_Library\Seekfree_CYT4BB_Opensource_Library\project\iar\Debug_m7_0\Obj\startup_479057977785470282.dir\startup.o
#        E:\code\car\CYT4BB7_Library\Seekfree_CYT4BB_Opensource_Library\project\iar\Debug_m7_0\Obj\startup_479057977785470282.dir\startup_cm7.o
#        E:\code\car\CYT4BB7_Library\Seekfree_CYT4BB_Opensource_Library\project\iar\Debug_m7_0\Obj\rev_b_4986922561640112550.dir\system_tviibh4m_cm7.o
#        E:\code\car\CYT4BB7_Library\Seekfree_CYT4BB_Opensource_Library\project\iar\Debug_m7_0\Obj\zf_common_1201165462030747823.dir\zf_common_clock.o
#        E:\code\car\CYT4BB7_Library\Seekfree_CYT4BB_Opensource_Library\project\iar\Debug_m7_0\Obj\zf_common_1201165462030747823.dir\zf_common_debug.o
#        E:\code\car\CYT4BB7_Library\Seekfree_CYT4BB_Opensource_Library\project\iar\Debug_m7_0\Obj\zf_common_1201165462030747823.dir\zf_common_fifo.o
#        E:\code\car\CYT4BB7_Library\Seekfree_CYT4BB_Opensource_Library\project\iar\Debug_m7_0\Obj\zf_common_1201165462030747823.dir\zf_common_font.o
#        E:\code\car\CYT4BB7_Library\Seekfree_CYT4BB_Opensource_Library\project\iar\Debug_m7_0\Obj\zf_common_1201165462030747823.dir\zf_common_function.o
#        E:\code\car\CYT4BB7_Library\Seekfree_CYT4BB_Opensource_Library\project\iar\Debug_m7_0\Obj\zf_common_1201165462030747823.dir\zf_common_interrupt.o
#        E:\code\car\CYT4BB7_Library\Seekfree_CYT4BB_Opensource_Library\project\iar\Debug_m7_0\Obj\zf_device_6570275422786408770.dir\zf_device_ble6a20.o
#        E:\code\car\CYT4BB7_Library\Seekfree_CYT4BB_Opensource_Library\project\iar\Debug_m7_0\Obj\zf_device_6570275422786408770.dir\zf_device_dl1a.o
#        E:\code\car\CYT4BB7_Library\Seekfree_CYT4BB_Opensource_Library\project\iar\Debug_m7_0\Obj\zf_device_6570275422786408770.dir\zf_device_dl1b.o
#        E:\code\car\CYT4BB7_Library\Seekfree_CYT4BB_Opensource_Library\project\iar\Debug_m7_0\Obj\zf_device_6570275422786408770.dir\zf_device_gnss.o
#        E:\code\car\CYT4BB7_Library\Seekfree_CYT4BB_Opensource_Library\project\iar\Debug_m7_0\Obj\zf_device_6570275422786408770.dir\zf_device_icm20602.o
#        E:\code\car\CYT4BB7_Library\Seekfree_CYT4BB_Opensource_Library\project\iar\Debug_m7_0\Obj\zf_device_6570275422786408770.dir\zf_device_imu660ra.o
#        E:\code\car\CYT4BB7_Library\Seekfree_CYT4BB_Opensource_Library\project\iar\Debug_m7_0\Obj\zf_device_6570275422786408770.dir\zf_device_imu963ra.o
#        E:\code\car\CYT4BB7_Library\Seekfree_CYT4BB_Opensource_Library\project\iar\Debug_m7_0\Obj\zf_device_6570275422786408770.dir\zf_device_ips114.o
#        E:\code\car\CYT4BB7_Library\Seekfree_CYT4BB_Opensource_Library\project\iar\Debug_m7_0\Obj\zf_device_6570275422786408770.dir\zf_device_ips200.o
#        E:\code\car\CYT4BB7_Library\Seekfree_CYT4BB_Opensource_Library\project\iar\Debug_m7_0\Obj\zf_device_6570275422786408770.dir\zf_device_key.o
#        E:\code\car\CYT4BB7_Library\Seekfree_CYT4BB_Opensource_Library\project\iar\Debug_m7_0\Obj\zf_device_6570275422786408770.dir\zf_device_menc15a.o
#        E:\code\car\CYT4BB7_Library\Seekfree_CYT4BB_Opensource_Library\project\iar\Debug_m7_0\Obj\zf_device_6570275422786408770.dir\zf_device_mt9v03x.o
#        E:\code\car\CYT4BB7_Library\Seekfree_CYT4BB_Opensource_Library\project\iar\Debug_m7_0\Obj\zf_device_6570275422786408770.dir\zf_device_oled.o
#        E:\code\car\CYT4BB7_Library\Seekfree_CYT4BB_Opensource_Library\project\iar\Debug_m7_0\Obj\zf_device_6570275422786408770.dir\zf_device_tft180.o
#        E:\code\car\CYT4BB7_Library\Seekfree_CYT4BB_Opensource_Library\project\iar\Debug_m7_0\Obj\zf_device_6570275422786408770.dir\zf_device_tsl1401.o
#        E:\code\car\CYT4BB7_Library\Seekfree_CYT4BB_Opensource_Library\project\iar\Debug_m7_0\Obj\zf_device_6570275422786408770.dir\zf_device_type.o
#        E:\code\car\CYT4BB7_Library\Seekfree_CYT4BB_Opensource_Library\project\iar\Debug_m7_0\Obj\zf_device_6570275422786408770.dir\zf_device_uart_receiver.o
#        E:\code\car\CYT4BB7_Library\Seekfree_CYT4BB_Opensource_Library\project\iar\Debug_m7_0\Obj\zf_device_6570275422786408770.dir\zf_device_wifi_spi.o
#        E:\code\car\CYT4BB7_Library\Seekfree_CYT4BB_Opensource_Library\project\iar\Debug_m7_0\Obj\zf_device_6570275422786408770.dir\zf_device_wifi_uart.o
#        E:\code\car\CYT4BB7_Library\Seekfree_CYT4BB_Opensource_Library\project\iar\Debug_m7_0\Obj\zf_device_6570275422786408770.dir\zf_device_wireless_uart.o
#        E:\code\car\CYT4BB7_Library\Seekfree_CYT4BB_Opensource_Library\project\iar\Debug_m7_0\Obj\zf_driver_11922370083829174090.dir\zf_driver_adc.o
#        E:\code\car\CYT4BB7_Library\Seekfree_CYT4BB_Opensource_Library\project\iar\Debug_m7_0\Obj\zf_driver_11922370083829174090.dir\zf_driver_delay.o
#        E:\code\car\CYT4BB7_Library\Seekfree_CYT4BB_Opensource_Library\project\iar\Debug_m7_0\Obj\zf_driver_11922370083829174090.dir\zf_driver_dma.o
#        E:\code\car\CYT4BB7_Library\Seekfree_CYT4BB_Opensource_Library\project\iar\Debug_m7_0\Obj\zf_driver_11922370083829174090.dir\zf_driver_encoder.o
#        E:\code\car\CYT4BB7_Library\Seekfree_CYT4BB_Opensource_Library\project\iar\Debug_m7_0\Obj\zf_driver_11922370083829174090.dir\zf_driver_exti.o
#        E:\code\car\CYT4BB7_Library\Seekfree_CYT4BB_Opensource_Library\project\iar\Debug_m7_0\Obj\zf_driver_11922370083829174090.dir\zf_driver_flash.o
#        E:\code\car\CYT4BB7_Library\Seekfree_CYT4BB_Opensource_Library\project\iar\Debug_m7_0\Obj\zf_driver_11922370083829174090.dir\zf_driver_gpio.o
#        E:\code\car\CYT4BB7_Library\Seekfree_CYT4BB_Opensource_Library\project\iar\Debug_m7_0\Obj\zf_driver_11922370083829174090.dir\zf_driver_ipc.o
#        E:\code\car\CYT4BB7_Library\Seekfree_CYT4BB_Opensource_Library\project\iar\Debug_m7_0\Obj\zf_driver_11922370083829174090.dir\zf_driver_pit.o
#        E:\code\car\CYT4BB7_Library\Seekfree_CYT4BB_Opensource_Library\project\iar\Debug_m7_0\Obj\zf_driver_11922370083829174090.dir\zf_driver_pwm.o
#        E:\code\car\CYT4BB7_Library\Seekfree_CYT4BB_Opensource_Library\project\iar\Debug_m7_0\Obj\zf_driver_11922370083829174090.dir\zf_driver_soft_iic.o
#        E:\code\car\CYT4BB7_Library\Seekfree_CYT4BB_Opensource_Library\project\iar\Debug_m7_0\Obj\zf_driver_11922370083829174090.dir\zf_driver_soft_spi.o
#        E:\code\car\CYT4BB7_Library\Seekfree_CYT4BB_Opensource_Library\project\iar\Debug_m7_0\Obj\zf_driver_11922370083829174090.dir\zf_driver_spi.o
#        E:\code\car\CYT4BB7_Library\Seekfree_CYT4BB_Opensource_Library\project\iar\Debug_m7_0\Obj\zf_driver_11922370083829174090.dir\zf_driver_timer.o
#        E:\code\car\CYT4BB7_Library\Seekfree_CYT4BB_Opensource_Library\project\iar\Debug_m7_0\Obj\zf_driver_11922370083829174090.dir\zf_driver_uart.o
#        --no_out_extension -o
#        E:\code\car\CYT4BB7_Library\Seekfree_CYT4BB_Opensource_Library\project\iar\Debug_m7_0\Exe\cyt4bb7_cm_7_0.out
#        --config_def _CORE_cm7_0_=0 --config_def _LINK_flash_=0 --map
#        E:\code\car\CYT4BB7_Library\Seekfree_CYT4BB_Opensource_Library\project\iar\Debug_m7_0\List\cyt4bb7_cm_7_0.map
#        --config
#        E:\code\car\CYT4BB7_Library\Seekfree_CYT4BB_Opensource_Library\project\iar\project_config\..\icf\linker_directives_tviibh.icf
#        --semihosting
#        E:\code\car\CYT4BB7_Library\Seekfree_CYT4BB_Opensource_Library\project\iar\project_config\..\..\..\libraries\sdk\tviibh4m\src\drivers\crypto\libs\libcrypto_server_cm0plus_iar.a
#        E:\code\car\CYT4BB7_Library\Seekfree_CYT4BB_Opensource_Library\project\iar\project_config\..\..\..\libraries\zf_device\zf_device_config.a
#        E:\code\car\CYT4BB7_Library\Seekfree_CYT4BB_Opensource_Library\project\iar\project_config\..\..\..\libraries\sdk\common\hdr\cmsis\dsp\iar_cortexM7lf_math.a
#        --entry __iar_program_start --vfe --text_out locale --cpu=Cortex-M7
#        --fpu=VFPv5_d16) --dependencies=n
#        E:\code\car\CYT4BB7_Library\Seekfree_CYT4BB_Opensource_Library\project\iar\Debug_m7_0\Exe\cyt4bb7_cm_7_0.out.iar_deps
#
###############################################################################

*******************************************************************************
*** RUNTIME MODEL ATTRIBUTES
***

CppFlavor       = *
__CPP_Runtime   = 1
__SystemLibrary = DLib
__dlib_version  = 6


*******************************************************************************
*** HEAP SELECTION
***

The basic heap was selected because --advanced_heap
was not specified and the application did not appear to
be primarily optimized for speed.


*******************************************************************************
*** PLACEMENT SUMMARY
***

"A0":  place at start of [from 0x1008'0000 to 0x1027'ffff] { section .intvec };
"P1":  place in [from 0x1008'0000 to 0x1027'ffff] { ro };
"P2":  place in [from 0x2802'0000 to 0x2807'ffff] { rw };
define block HEAP with size = 1K, alignment = 8 { };
define block CSTACK with size = 8K, alignment = 8 { };
define block HEAP_STACK { block HEAP, last block CSTACK };
"A1":  place at end of [from 0x2802'0000 to 0x2807'ffff] { block HEAP_STACK };
do not initialize { section .intvec_ram };
initialize by copy { rw };

No sections matched the following patterns:

  ro section .sflash_app_prot  in "P6"
  ro section .sflash_nar       in "P4"
  ro section .sflash_pkey      in "P5"
  ro section .sflash_toc2      in "P7"
  ro section .sflash_uf_rows   in "P3"
  ro section .work_flash       in "P8"
  section .global_ram_data     in "P9"


  Section            Kind         Address    Size  Object
  -------            ----         -------    ----  ------
"A0":                                        0x80
  .intvec            ro code  0x1008'0000    0x80  startup_cm7.o [31]
                            - 0x1008'0080    0x80

"P1":                                      0x9589
  .rodata            const    0x1008'0080  0x2000  zf_device_config.o [54]
  .text              ro code  0x1008'2080   0xc64  zf_driver_spi.o [49]
  .text              ro code  0x1008'2ce4   0x230  I64DivMod.o [52]
  .text              ro code  0x1008'2f14    0x66  ABImemset.o [52]
  .text              ro code  0x1008'2f7a    0x7e  lz77_init_single.o [52]
  .text              ro code  0x1008'2ff8   0x444  zf_common_debug.o [46]
  .text              ro code  0x1008'343c   0x194  cy_gpio.o [14]
  .text              ro code  0x1008'35d0   0x1f0  cy_scb_spi.o [24]
  .text              ro code  0x1008'37c0     0x2  I64DivZer.o [52]
  .text              ro code  0x1008'37c2     0xa  xsprout.o [50]
  .text              ro code  0x1008'37cc   0x808  zf_driver_uart.o [49]
  .text              ro code  0x1008'3fd4    0x36  strlen.o [52]
  .text              ro code  0x1008'400c    0x40  sprintf.o [50]
  .text              ro code  0x1008'404c   0x448  zf_common_fifo.o [46]
  .text              ro code  0x1008'4494    0xe2  zf_common_interrupt.o [46]
  .text              ro code  0x1008'4578     0x6  ABImemclr4.o [52]
  .text              ro code  0x1008'4580   0x314  cy_scb_uart.o [24]
  .text              ro code  0x1008'4894   0x13c  xprintftiny.o [50]
  .text              ro code  0x1008'49d0    0xa6  ABImemcpy.o [52]
  .text              ro code  0x1008'4a78    0x20  zf_driver_pwm.o [49]
  .text              ro code  0x1008'4a98    0xac  cy_sysint.o [35]
  .text              ro code  0x1008'4b44    0x32  ABImemset48.o [52]
  .text              ro code  0x1008'4b78   0x9c0  zf_device_ips114.o [48]
  .text              ro code  0x1008'5538   0x17c  zf_driver_gpio.o [49]
  .text              ro code  0x1008'56b4   0x284  zf_driver_delay.o [49]
  .text              ro code  0x1008'5938   0x1ae  cy_tcpwm_counter.o [43]
  .text              ro code  0x1008'5ae6     0xc  cy_tcpwm.o [43]
  .text              ro code  0x1008'5af4   0x8e8  cy_sysclk.o [33]
  .text              ro code  0x1008'63dc    0x70  strncpy.o [52]
  .text              ro code  0x1008'644c    0xa8  cy_syslib.o [36]
  .text              ro code  0x1008'64f4     0x2  cy_syslib.o [36]
  .text              ro code  0x1008'64f8   0x860  zf_device_config_mt9v03x.o [54]
  .text              ro code  0x1008'6d58   0x5fc  zf_driver_soft_iic.o [49]
  .rodata            const    0x1008'7354   0x5f0  zf_common_font.o [46]
  .text              ro code  0x1008'7944   0x384  zf_driver_encoder.o [49]
  .text              ro code  0x1008'7cc8   0x330  zf_device_mt9v03x.o [48]
  .rodata            const    0x1008'7ff8   0x228  zf_common_font.o [46]
  .text              ro code  0x1008'8220   0x204  startup.o [31]
  .text              ro code  0x1008'8424   0x150  system_tviibh4m_cm7.o [22]
  .text              ro code  0x1008'8574     0x8  startup_cm7.o [31]
  .text              ro code  0x1008'857c     0x6  startup_cm7.o [31]
  .text              ro code  0x1008'8584   0x198  cy_interrupt_map.o [23]
  .text              ro code  0x1008'871c   0x18c  zf_device_imu660ra.o [48]
  .text              ro code  0x1008'88a8   0x16c  cm7_0_isr.o [45]
  .text              ro code  0x1008'8a14   0x114  zf_device_gnss.o [48]
  .text              ro code  0x1008'8b28    0x2a  strncmp.o [50]
  .text              ro code  0x1008'8b54    0xb0  startup_cm7.o [31]
  .rodata            const    0x1008'8c04    0x78  cy_sysclk.o [33]
  .rodata            const    0x1008'8c7c    0x78  cy_sysclk.o [33]
  .rodata            const    0x1008'8cf4    0x78  system_tviibh4m_cm7.o [22]
  .text              ro code  0x1008'8d6c    0x70  zf_device_wireless_uart.o [48]
  .text              ro code  0x1008'8ddc    0x44  zf_device_type.o [48]
  .text              ro code  0x1008'8e20    0x6c  main_cm7_0.o [45]
  .text              ro code  0x1008'8e8c    0x1c  zf_common_clock.o [46]
  .rodata            const    0x1008'8ea8    0x68  zf_device_imu660ra.o [48]
  .rodata            const    0x1008'8f10    0x68  zf_device_ips114.o [48]
  .rodata            const    0x1008'8f78    0x68  zf_driver_encoder.o [49]
  .rodata            const    0x1008'8fe0    0x68  zf_driver_soft_iic.o [49]
  .rodata            const    0x1008'9048    0x64  zf_common_fifo.o [46]
  .rodata            const    0x1008'90ac    0x64  zf_driver_spi.o [49]
  .rodata            const    0x1008'9110    0x64  zf_driver_uart.o [49]
  .text              ro code  0x1008'9174    0x38  zero_init3.o [52]
  .rodata            const    0x1008'91ac    0x28  zf_device_mt9v03x.o [48]
  .text              ro code  0x1008'91d4    0x28  data_init.o [52]
  .text              ro code  0x1008'91fc    0x22  fpinit_M.o [51]
  .iar.init_table    const    0x1008'9220    0x20  - Linker created -
  .text              ro code  0x1008'9240    0x20  startup_cm7.o [31]
  .text              ro code  0x1008'9260    0x1e  cy_syslib_iar.o [36]
  .text              ro code  0x1008'9280    0x1e  cmain.o [52]
  .text              ro code  0x1008'92a0     0x4  startup_cm7.o [31]
  .text              ro code  0x1008'92a4     0x4  exit.o [50]
  .text              ro code  0x1008'92a8     0xa  cexit.o [52]
  .text              ro code  0x1008'92b4    0x14  exit.o [53]
  .rodata            const    0x1008'92c8    0x1c  zf_common_debug.o [46]
  .rodata            const    0x1008'92e4    0x1c  zf_device_imu660ra.o [48]
  .text              ro code  0x1008'9300    0x1c  startup_cm7.o [31]
  .text              ro code  0x1008'931c    0x1c  cstartup_M.o [52]
  .rodata            const    0x1008'9338    0x18  startup.o [31]
  .rodata            const    0x1008'9350    0x18  system_tviibh4m_cm7.o [22]
  .rodata            const    0x1008'9368    0x18  zf_common_debug.o [46]
  .rodata            const    0x1008'9380    0x18  zf_device_imu660ra.o [48]
  .rodata            const    0x1008'9398    0x10  zf_common_debug.o [46]
  .rodata            const    0x1008'93a8    0x10  zf_common_debug.o [46]
  .rodata            const    0x1008'93b8     0xc  zf_common_debug.o [46]
  .rodata            const    0x1008'93c4     0xc  zf_common_debug.o [46]
  .rodata            const    0x1008'93d0     0xc  zf_common_debug.o [46]
  .text              ro code  0x1008'93dc     0xc  cy_syslib.o [36]
  .rodata            const    0x1008'93e8     0x8  cy_sysclk.o [33]
  .rodata            const    0x1008'93f0     0x4  cy_interrupt_map.o [23]
  .rodata            const    0x1008'93f4     0x4  cy_interrupt_map.o [23]
  .rodata            const    0x1008'93f8     0x4  cy_interrupt_map.o [23]
  .rodata            const    0x1008'93fc     0x4  cy_interrupt_map.o [23]
  .rodata            const    0x1008'9400     0x4  cy_interrupt_map.o [23]
  .rodata            const    0x1008'9404     0x4  cy_interrupt_map.o [23]
  .rodata            const    0x1008'9408     0x4  cy_interrupt_map.o [23]
  .rodata            const    0x1008'940c     0x4  cy_interrupt_map.o [23]
  .rodata            const    0x1008'9410     0x4  cy_scb_spi.o [24]
  .rodata            const    0x1008'9414     0x4  cy_scb_spi.o [24]
  .rodata            const    0x1008'9418     0x4  cy_scb_spi.o [24]
  .rodata            const    0x1008'941c     0x4  cy_scb_spi.o [24]
  .rodata            const    0x1008'9420     0x4  cy_scb_uart.o [24]
  .rodata            const    0x1008'9424     0x4  cy_scb_uart.o [24]
  .rodata            const    0x1008'9428     0x4  cy_scb_uart.o [24]
  .rodata            const    0x1008'942c     0x4  cy_scb_uart.o [24]
  .rodata            const    0x1008'9430     0x4  cy_scb_uart.o [24]
  .rodata            const    0x1008'9434     0x4  cy_scb_uart.o [24]
  .rodata            const    0x1008'9438     0x4  cy_scb_uart.o [24]
  .rodata            const    0x1008'943c     0x4  cy_scb_uart.o [24]
  .rodata            const    0x1008'9440     0x4  cy_scb_uart.o [24]
  .rodata            const    0x1008'9444     0x4  cy_scb_uart.o [24]
  .rodata            const    0x1008'9448     0x4  cy_sysint.o [35]
  .rodata            const    0x1008'944c     0x4  cy_sysint.o [35]
  .rodata            const    0x1008'9450     0x4  cy_tcpwm_counter.o [43]
  .rodata            const    0x1008'9454     0x4  cy_tcpwm_counter.o [43]
  .rodata            const    0x1008'9458     0x4  cy_tcpwm_counter.o [43]
  .rodata            const    0x1008'945c     0x4  cy_tcpwm_counter.o [43]
  .rodata            const    0x1008'9460     0x4  cy_tcpwm_counter.o [43]
  .text              ro code  0x1008'9464     0x4  startup_cm7.o [31]
  .text              ro code  0x1008'9468     0x4  startup_cm7.o [31]
  .text              ro code  0x1008'946c     0x4  startup_cm7.o [31]
  .text              ro code  0x1008'9470     0x4  startup_cm7.o [31]
  .text              ro code  0x1008'9474     0x4  startup_cm7.o [31]
  .text              ro code  0x1008'9478     0x4  startup_cm7.o [31]
  .text              ro code  0x1008'947c     0x4  startup_cm7.o [31]
  .text              ro code  0x1008'9480     0x4  startup_cm7.o [31]
  .text              ro code  0x1008'9484     0x4  startup_cm7.o [31]
  .text              ro code  0x1008'9488     0x4  startup_cm7.o [31]
  .text              ro code  0x1008'948c     0x4  startup_cm7.o [31]
  .text              ro code  0x1008'9490     0x4  startup_cm7.o [31]
  .text              ro code  0x1008'9494     0x4  startup_cm7.o [31]
  .text              ro code  0x1008'9498     0x4  startup_cm7.o [31]
  .text              ro code  0x1008'949c     0x4  startup_cm7.o [31]
  .rodata            const    0x1008'94a0     0x0  zero_init3.o [52]
  .rodata            const    0x1008'94a0     0x0  lz77_init_single.o [52]
  Initializer bytes  const    0x1008'94a0    0x83  <for P2-1>
                            - 0x1008'9523  0x94a3

Absolute sections:                         0x5820
  .noinit            uninit   0x2802'6024  0x5820  zf_device_mt9v03x.o [48]
                            - 0x2802'b844  0x5820

"P2", part 1 of 3:                          0x75d
  P2-1                        0x2802'b844   0x75d  <Init block>
    .data            inited   0x2802'b844   0x6ec  cy_interrupt_map.o [23]
    .data            inited   0x2802'bf30     0x4  cy_interrupt_map.o [23]
    .data            inited   0x2802'bf34     0x8  zf_device_imu660ra.o [48]
    .data            inited   0x2802'bf3c     0x4  zf_device_type.o [48]
    .data            inited   0x2802'bf40     0x4  zf_device_type.o [48]
    .data            inited   0x2802'bf44     0x8  zf_driver_encoder.o [49]
    .data            inited   0x2802'bf4c    0x10  zf_driver_encoder.o [49]
    .data            inited   0x2802'bf5c    0x10  zf_driver_spi.o [49]
    .data            inited   0x2802'bf6c    0x14  zf_driver_uart.o [49]
    .data            inited   0x2802'bf80    0x14  zf_driver_uart.o [49]
    .data            inited   0x2802'bf94     0x2  zf_device_ips114.o [48]
    .data            inited   0x2802'bf96     0x2  zf_device_ips114.o [48]
    .data            inited   0x2802'bf98     0x2  zf_device_ips114.o [48]
    .data            inited   0x2802'bf9a     0x2  zf_device_ips114.o [48]
    .data            inited   0x2802'bf9c     0x2  zf_driver_delay.o [49]
    .data            inited   0x2802'bf9e     0x1  zf_common_debug.o [46]
    .data            inited   0x2802'bf9f     0x1  zf_device_ips114.o [48]
    .data            inited   0x2802'bfa0     0x1  zf_driver_delay.o [49]
                            - 0x2802'bfa1   0x75d

"P2", part 2 of 3:                         0x5e70
  .bss               zero     0x2802'bfa4  0x5820  zf_device_mt9v03x.o [48]
  .bss               zero     0x2803'17c4   0x1e0  zf_device_ips114.o [48]
  .bss               zero     0x2803'19a4   0x118  zf_driver_uart.o [49]
  .bss               zero     0x2803'1abc    0x80  zf_device_gnss.o [48]
  .bss               zero     0x2803'1b3c    0x80  zf_device_gnss.o [48]
  .bss               zero     0x2803'1bbc    0x80  zf_device_gnss.o [48]
  .bss               zero     0x2803'1c3c    0x70  cy_syslib.o [36]
  .bss               zero     0x2803'1cac    0x40  zf_common_debug.o [46]
  .bss               zero     0x2803'1cec    0x40  zf_device_wireless_uart.o [48]
  .bss               zero     0x2803'1d2c    0x18  cy_sysclk.o [33]
  .bss               zero     0x2803'1d44    0x18  cy_syslib.o [36]
  .bss               zero     0x2803'1d5c    0x18  zf_common_debug.o [46]
  .bss               zero     0x2803'1d74    0x18  zf_device_gnss.o [48]
  .bss               zero     0x2803'1d8c    0x18  zf_device_wireless_uart.o [48]
  .bss               zero     0x2803'1da4    0x14  zf_common_debug.o [46]
  .bss               zero     0x2803'1db8    0x10  zf_device_config_mt9v03x.o [54]
  .bss               zero     0x2803'1dc8     0x4  cy_syslib.o [36]
  .bss               zero     0x2803'1dcc     0x4  system_tviibh4m_cm7.o [22]
  .bss               zero     0x2803'1dd0     0x4  system_tviibh4m_cm7.o [22]
  .bss               zero     0x2803'1dd4     0x4  system_tviibh4m_cm7.o [22]
  .bss               zero     0x2803'1dd8     0x4  system_tviibh4m_cm7.o [22]
  .bss               zero     0x2803'1ddc     0x4  system_tviibh4m_cm7.o [22]
  .bss               zero     0x2803'1de0     0x4  zf_common_clock.o [46]
  .bss               zero     0x2803'1de4     0x4  zf_common_interrupt.o [46]
  .bss               zero     0x2803'1de8     0x4  zf_driver_encoder.o [49]
  .bss               zero     0x2803'1dec     0x4  zf_driver_spi.o [49]
  .bss               zero     0x2803'1df0     0x4  zf_device_config_mt9v03x.o [54]
  .bss               zero     0x2803'1df4     0x4  zf_device_config_mt9v03x.o [54]
  .bss               zero     0x2803'1df8     0x4  zf_device_config_mt9v03x.o [54]
  .bss               zero     0x2803'1dfc     0x4  zf_device_config_mt9v03x.o [54]
  .bss               zero     0x2803'1e00     0x4  zf_device_config_mt9v03x.o [54]
  .bss               zero     0x2803'1e04     0x1  cy_sysclk.o [33]
  .bss               zero     0x2803'1e05     0x1  zf_common_debug.o [46]
  .bss               zero     0x2803'1e06     0x1  zf_common_debug.o [46]
  .bss               zero     0x2803'1e07     0x1  zf_common_debug.o [46]
  .bss               zero     0x2803'1e08     0x1  zf_device_gnss.o [48]
  .bss               zero     0x2803'1e09     0x1  zf_device_gnss.o [48]
  .bss               zero     0x2803'1e0a     0x1  zf_device_gnss.o [48]
  .bss               zero     0x2803'1e0b     0x1  zf_device_gnss.o [48]
  .bss               zero     0x2803'1e0c     0x1  zf_device_gnss.o [48]
  .bss               zero     0x2803'1e0d     0x1  zf_device_ips114.o [48]
  .bss               zero     0x2803'1e0e     0x1  zf_device_mt9v03x.o [48]
  .bss               zero     0x2803'1e0f     0x1  zf_device_type.o [48]
  .bss               zero     0x2803'1e10     0x1  zf_device_wireless_uart.o [48]
                            - 0x2803'1e11  0x5e6d

"P2", part 3 of 3:                           0x80
  .intvec_ram        uninit   0x2803'1e80    0x80  startup_cm7.o [31]
                            - 0x2803'1f00    0x80

"A1":                                      0x2000
  HEAP_STACK                  0x2807'e000  0x2000  <Block>
    CSTACK                    0x2807'e000  0x2000  <Block>
      CSTACK         uninit   0x2807'e000  0x2000  <Block tail>
                            - 0x2808'0000  0x2000

Unused ranges:

         From           To       Size
         ----           --       ----
  0x1008'9609  0x1027'ffff  0x1f'69f7
  0x2802'0000  0x2802'6023     0x6024
  0x2802'bfa1  0x2802'bfa3        0x3
  0x2803'1e14  0x2803'1e7f       0x6c
  0x2803'1f00  0x2807'dfff   0x4'c100


*******************************************************************************
*** INIT TABLE
***

          Address      Size
          -------      ----
Zero (__iar_zero_init3)
    1 destination range, total size 0x5e6d:
          0x2802'bfa4  0x5e6d

Copy/lz77 (__iar_lz77_init_single3)
    1 source range, total size 0x83 (6% of destination):
          0x1008'94a0    0x83
    1 destination range, total size 0x75d:
          0x2802'b844   0x75d



*******************************************************************************
*** MODULE SUMMARY
***

    Module                      ro code  ro data  rw data  rw data
                                                            (abs)
    ------                      -------  -------  -------  -------
command line/config:
    --------------------------------------------------------------
    Total:

E:\code\car\CYT4BB7_Library\Seekfree_CYT4BB_Opensource_Library\project\iar\Debug_m7_0\Obj\adc_11722776235721520015.dir: [1]
    --------------------------------------------------------------
    Total:

E:\code\car\CYT4BB7_Library\Seekfree_CYT4BB_Opensource_Library\project\iar\Debug_m7_0\Obj\audioss_1346650047966882938.dir: [2]
    --------------------------------------------------------------
    Total:

E:\code\car\CYT4BB7_Library\Seekfree_CYT4BB_Opensource_Library\project\iar\Debug_m7_0\Obj\button_4990804375159372270.dir: [3]
    --------------------------------------------------------------
    Total:

E:\code\car\CYT4BB7_Library\Seekfree_CYT4BB_Opensource_Library\project\iar\Debug_m7_0\Obj\canfd_1800690984773873875.dir: [4]
    --------------------------------------------------------------
    Total:

E:\code\car\CYT4BB7_Library\Seekfree_CYT4BB_Opensource_Library\project\iar\Debug_m7_0\Obj\code_17896468042025673432.dir: [5]
    --------------------------------------------------------------
    Total:

E:\code\car\CYT4BB7_Library\Seekfree_CYT4BB_Opensource_Library\project\iar\Debug_m7_0\Obj\cpu_15938736945165268644.dir: [6]
    --------------------------------------------------------------
    Total:

E:\code\car\CYT4BB7_Library\Seekfree_CYT4BB_Opensource_Library\project\iar\Debug_m7_0\Obj\crypto_1190170608956581615.dir: [7]
    --------------------------------------------------------------
    Total:

E:\code\car\CYT4BB7_Library\Seekfree_CYT4BB_Opensource_Library\project\iar\Debug_m7_0\Obj\dma_12106025507578611576.dir: [8]
    --------------------------------------------------------------
    Total:

E:\code\car\CYT4BB7_Library\Seekfree_CYT4BB_Opensource_Library\project\iar\Debug_m7_0\Obj\eth_phy_18133017486186456677.dir: [9]
    --------------------------------------------------------------
    Total:

E:\code\car\CYT4BB7_Library\Seekfree_CYT4BB_Opensource_Library\project\iar\Debug_m7_0\Obj\ethernet_6029839089178797009.dir: [10]
    --------------------------------------------------------------
    Total:

E:\code\car\CYT4BB7_Library\Seekfree_CYT4BB_Opensource_Library\project\iar\Debug_m7_0\Obj\evtgen_3404189088603873129.dir: [11]
    --------------------------------------------------------------
    Total:

E:\code\car\CYT4BB7_Library\Seekfree_CYT4BB_Opensource_Library\project\iar\Debug_m7_0\Obj\flash_8529866181315662935.dir: [12]
    --------------------------------------------------------------
    Total:

E:\code\car\CYT4BB7_Library\Seekfree_CYT4BB_Opensource_Library\project\iar\Debug_m7_0\Obj\flash_864493325053435817.dir: [13]
    --------------------------------------------------------------
    Total:

E:\code\car\CYT4BB7_Library\Seekfree_CYT4BB_Opensource_Library\project\iar\Debug_m7_0\Obj\gpio_3999404635324069351.dir: [14]
    cy_gpio.o                       404
    --------------------------------------------------------------
    Total:                          404

E:\code\car\CYT4BB7_Library\Seekfree_CYT4BB_Opensource_Library\project\iar\Debug_m7_0\Obj\ipc_10145506163450686023.dir: [15]
    --------------------------------------------------------------
    Total:

E:\code\car\CYT4BB7_Library\Seekfree_CYT4BB_Opensource_Library\project\iar\Debug_m7_0\Obj\lin_18429031207028094880.dir: [16]
    --------------------------------------------------------------
    Total:

E:\code\car\CYT4BB7_Library\Seekfree_CYT4BB_Opensource_Library\project\iar\Debug_m7_0\Obj\lvd_6353935867039560245.dir: [17]
    --------------------------------------------------------------
    Total:

E:\code\car\CYT4BB7_Library\Seekfree_CYT4BB_Opensource_Library\project\iar\Debug_m7_0\Obj\mcwdt_4052485907822033969.dir: [18]
    --------------------------------------------------------------
    Total:

E:\code\car\CYT4BB7_Library\Seekfree_CYT4BB_Opensource_Library\project\iar\Debug_m7_0\Obj\mpu_5663187252346826382.dir: [19]
    --------------------------------------------------------------
    Total:

E:\code\car\CYT4BB7_Library\Seekfree_CYT4BB_Opensource_Library\project\iar\Debug_m7_0\Obj\power_14453085144426420577.dir: [20]
    --------------------------------------------------------------
    Total:

E:\code\car\CYT4BB7_Library\Seekfree_CYT4BB_Opensource_Library\project\iar\Debug_m7_0\Obj\prot_10722960861768657883.dir: [21]
    --------------------------------------------------------------
    Total:

E:\code\car\CYT4BB7_Library\Seekfree_CYT4BB_Opensource_Library\project\iar\Debug_m7_0\Obj\rev_b_4986922561640112550.dir: [22]
    system_tviibh4m_cm7.o           336      144       20
    --------------------------------------------------------------
    Total:                          336      144       20

E:\code\car\CYT4BB7_Library\Seekfree_CYT4BB_Opensource_Library\project\iar\Debug_m7_0\Obj\rev_b_6162237342861132223.dir: [23]
    cy_interrupt_map.o              408      155    1'776
    --------------------------------------------------------------
    Total:                          408      155    1'776

E:\code\car\CYT4BB7_Library\Seekfree_CYT4BB_Opensource_Library\project\iar\Debug_m7_0\Obj\scb_15490842639181808494.dir: [24]
    cy_scb_spi.o                    496       16
    cy_scb_uart.o                   788       40
    --------------------------------------------------------------
    Total:                        1'284       56

E:\code\car\CYT4BB7_Library\Seekfree_CYT4BB_Opensource_Library\project\iar\Debug_m7_0\Obj\sd_host_2982766354293506895.dir: [25]
    --------------------------------------------------------------
    Total:

E:\code\car\CYT4BB7_Library\Seekfree_CYT4BB_Opensource_Library\project\iar\Debug_m7_0\Obj\semihosting_143864889731838620.dir: [26]
    --------------------------------------------------------------
    Total:

E:\code\car\CYT4BB7_Library\Seekfree_CYT4BB_Opensource_Library\project\iar\Debug_m7_0\Obj\smartio_5451710003740070188.dir: [27]
    --------------------------------------------------------------
    Total:

E:\code\car\CYT4BB7_Library\Seekfree_CYT4BB_Opensource_Library\project\iar\Debug_m7_0\Obj\smif_427648126384146252.dir: [28]
    --------------------------------------------------------------
    Total:

E:\code\car\CYT4BB7_Library\Seekfree_CYT4BB_Opensource_Library\project\iar\Debug_m7_0\Obj\smif_mem_6470536964353725183.dir: [29]
    --------------------------------------------------------------
    Total:

E:\code\car\CYT4BB7_Library\Seekfree_CYT4BB_Opensource_Library\project\iar\Debug_m7_0\Obj\srom_13018798572330080582.dir: [30]
    --------------------------------------------------------------
    Total:

E:\code\car\CYT4BB7_Library\Seekfree_CYT4BB_Opensource_Library\project\iar\Debug_m7_0\Obj\startup_479057977785470282.dir: [31]
    startup.o                       516       24
    startup_cm7.o                   442               128
    --------------------------------------------------------------
    Total:                          958       24      128

E:\code\car\CYT4BB7_Library\Seekfree_CYT4BB_Opensource_Library\project\iar\Debug_m7_0\Obj\sw_timer_4215635015939382130.dir: [32]
    --------------------------------------------------------------
    Total:

E:\code\car\CYT4BB7_Library\Seekfree_CYT4BB_Opensource_Library\project\iar\Debug_m7_0\Obj\sysclk_16149231235676103872.dir: [33]
    cy_sysclk.o                   2'280      248       25
    --------------------------------------------------------------
    Total:                        2'280      248       25

E:\code\car\CYT4BB7_Library\Seekfree_CYT4BB_Opensource_Library\project\iar\Debug_m7_0\Obj\sysflt_12293435975120599261.dir: [34]
    --------------------------------------------------------------
    Total:

E:\code\car\CYT4BB7_Library\Seekfree_CYT4BB_Opensource_Library\project\iar\Debug_m7_0\Obj\sysint_7435970359207984181.dir: [35]
    cy_sysint.o                     172        8
    --------------------------------------------------------------
    Total:                          172        8

E:\code\car\CYT4BB7_Library\Seekfree_CYT4BB_Opensource_Library\project\iar\Debug_m7_0\Obj\syslib_16330585751512546975.dir: [36]
    cy_syslib.o                     182               140
    cy_syslib_iar.o                  30
    --------------------------------------------------------------
    Total:                          212               140

E:\code\car\CYT4BB7_Library\Seekfree_CYT4BB_Opensource_Library\project\iar\Debug_m7_0\Obj\syspm_10887939769544754770.dir: [37]
    --------------------------------------------------------------
    Total:

E:\code\car\CYT4BB7_Library\Seekfree_CYT4BB_Opensource_Library\project\iar\Debug_m7_0\Obj\sysreghc_17676636058511625587.dir: [38]
    --------------------------------------------------------------
    Total:

E:\code\car\CYT4BB7_Library\Seekfree_CYT4BB_Opensource_Library\project\iar\Debug_m7_0\Obj\sysreset_14586141425677365288.dir: [39]
    --------------------------------------------------------------
    Total:

E:\code\car\CYT4BB7_Library\Seekfree_CYT4BB_Opensource_Library\project\iar\Debug_m7_0\Obj\sysrtc_10747768817563771611.dir: [40]
    --------------------------------------------------------------
    Total:

E:\code\car\CYT4BB7_Library\Seekfree_CYT4BB_Opensource_Library\project\iar\Debug_m7_0\Obj\systick_16016591671695740695.dir: [41]
    --------------------------------------------------------------
    Total:

E:\code\car\CYT4BB7_Library\Seekfree_CYT4BB_Opensource_Library\project\iar\Debug_m7_0\Obj\syswdt_9118657615806274156.dir: [42]
    --------------------------------------------------------------
    Total:

E:\code\car\CYT4BB7_Library\Seekfree_CYT4BB_Opensource_Library\project\iar\Debug_m7_0\Obj\tcpwm_422923530147891246.dir: [43]
    cy_tcpwm.o                       12
    cy_tcpwm_counter.o              430       20
    --------------------------------------------------------------
    Total:                          442       20

E:\code\car\CYT4BB7_Library\Seekfree_CYT4BB_Opensource_Library\project\iar\Debug_m7_0\Obj\trigmux_9729677290734583340.dir: [44]
    --------------------------------------------------------------
    Total:

E:\code\car\CYT4BB7_Library\Seekfree_CYT4BB_Opensource_Library\project\iar\Debug_m7_0\Obj\user_8514941877209965082.dir: [45]
    cm7_0_isr.o                     364
    main_cm7_0.o                    108
    --------------------------------------------------------------
    Total:                          472

E:\code\car\CYT4BB7_Library\Seekfree_CYT4BB_Opensource_Library\project\iar\Debug_m7_0\Obj\zf_common_1201165462030747823.dir: [46]
    zf_common_clock.o                28                 4
    zf_common_debug.o             1'092      120      112
    zf_common_fifo.o              1'096      100
    zf_common_font.o                       2'072
    zf_common_interrupt.o           226                 4
    --------------------------------------------------------------
    Total:                        2'442    2'292      120

E:\code\car\CYT4BB7_Library\Seekfree_CYT4BB_Opensource_Library\project\iar\Debug_m7_0\Obj\zf_components_14936052685886095442.dir: [47]
    --------------------------------------------------------------
    Total:

E:\code\car\CYT4BB7_Library\Seekfree_CYT4BB_Opensource_Library\project\iar\Debug_m7_0\Obj\zf_device_6570275422786408770.dir: [48]
    zf_device_gnss.o                276               413
    zf_device_imu660ra.o            396      156        8
    zf_device_ips114.o            2'496      104      490
    zf_device_mt9v03x.o             816       40   22'561   22'560
    zf_device_type.o                 68        1        9
    zf_device_wireless_uart.o       112                89
    --------------------------------------------------------------
    Total:                        4'164      301   23'570   22'560

E:\code\car\CYT4BB7_Library\Seekfree_CYT4BB_Opensource_Library\project\iar\Debug_m7_0\Obj\zf_driver_11922370083829174090.dir: [49]
    zf_driver_delay.o               644        1        3
    zf_driver_encoder.o             900      106       28
    zf_driver_gpio.o                380
    zf_driver_pwm.o                  32
    zf_driver_soft_iic.o          1'532      104
    zf_driver_spi.o               3'172      101       20
    zf_driver_uart.o              2'056      103      320
    --------------------------------------------------------------
    Total:                        8'716      415      371

dl7M_tln.a: [50]
    exit.o                            4
    sprintf.o                        64
    strncmp.o                        42
    xprintftiny.o                   316
    xsprout.o                        10
    --------------------------------------------------------------
    Total:                          436

m7M_tlv.a: [51]
    fpinit_M.o                       34
    --------------------------------------------------------------
    Total:                           34

rt7M_tl.a: [52]
    ABImemclr4.o                      6
    ABImemcpy.o                     166
    ABImemset.o                     102
    ABImemset48.o                    50
    I64DivMod.o                     560
    I64DivZer.o                       2
    cexit.o                          10
    cmain.o                          30
    cstartup_M.o                     28
    data_init.o                      40
    lz77_init_single.o              126
    strlen.o                         54
    strncpy.o                       112
    zero_init3.o                     56
    --------------------------------------------------------------
    Total:                        1'342

shb_l.a: [53]
    exit.o                           20
    --------------------------------------------------------------
    Total:                           20

zf_device_config.a: [54]
    zf_device_config.o                     8'192
    zf_device_config_mt9v03x.o    2'144                36
    --------------------------------------------------------------
    Total:                        2'144    8'192       36

    Gaps                             24        2
    Linker created                            32    8'192
------------------------------------------------------------------
    Grand Total:                 26'290   11'889   34'378   22'560


*******************************************************************************
*** ENTRY LIST
***

Entry                       Address    Size  Type      Object
-----                       -------    ----  ----      ------
.iar.init_table$$Base   0x1008'9220           --   Gb  - Linker created -
.iar.init_table$$Limit  0x1008'9240           --   Gb  - Linker created -
?main                   0x1008'9281          Code  Gb  cmain.o [52]
BusFault_Handler        0x1008'946d          Code  Wk  startup_cm7.o [31]
CSTACK$$Base            0x2807'e000           --   Gb  - Linker created -
CSTACK$$Limit           0x2808'0000           --   Gb  - Linker created -
CopyVectorTable         0x1008'83c1    0x34  Code  Lc  startup.o [31]
CpuUserInt0_Handler     0x1008'85a3    0x26  Code  Gb  cy_interrupt_map.o [23]
CpuUserInt10_Handler    0x1008'9489          Code  Wk  startup_cm7.o [31]
CpuUserInt11_Handler    0x1008'948d          Code  Wk  startup_cm7.o [31]
CpuUserInt12_Handler    0x1008'9491          Code  Wk  startup_cm7.o [31]
CpuUserInt13_Handler    0x1008'9495          Code  Wk  startup_cm7.o [31]
CpuUserInt14_Handler    0x1008'9499          Code  Wk  startup_cm7.o [31]
CpuUserInt15_Handler    0x1008'949d          Code  Wk  startup_cm7.o [31]
CpuUserInt1_Handler     0x1008'85c9    0x26  Code  Gb  cy_interrupt_map.o [23]
CpuUserInt2_Handler     0x1008'85ef    0x26  Code  Gb  cy_interrupt_map.o [23]
CpuUserInt3_Handler     0x1008'8615    0x26  Code  Gb  cy_interrupt_map.o [23]
CpuUserInt4_Handler     0x1008'863b    0x26  Code  Gb  cy_interrupt_map.o [23]
CpuUserInt5_Handler     0x1008'8661    0x26  Code  Gb  cy_interrupt_map.o [23]
CpuUserInt6_Handler     0x1008'8687    0x26  Code  Gb  cy_interrupt_map.o [23]
CpuUserInt7_Handler     0x1008'86ad    0x26  Code  Gb  cy_interrupt_map.o [23]
CpuUserInt8_Handler     0x1008'9481          Code  Wk  startup_cm7.o [31]
CpuUserInt9_Handler     0x1008'9485          Code  Wk  startup_cm7.o [31]
Cy_DefaultUserHandler   0x1008'85a1     0x2  Code  Gb  cy_interrupt_map.o [23]
Cy_GPIO_ClearInterrupt  0x1008'350f     0xe  Code  Lc  cy_gpio.o [14]
Cy_GPIO_Clr             0x1008'554d     0xa  Code  Lc  zf_driver_gpio.o [49]
Cy_GPIO_Pin_Init        0x1008'3553    0x72  Code  Gb  cy_gpio.o [14]
Cy_GPIO_Read            0x1008'5539     0xa  Code  Lc  zf_driver_gpio.o [49]
Cy_GPIO_Set             0x1008'5543     0xa  Code  Lc  zf_driver_gpio.o [49]
Cy_GPIO_SetDriveSel     0x1008'34f1    0x1e  Code  Lc  cy_gpio.o [14]
Cy_GPIO_SetDrivemode    0x1008'34a1    0x1c  Code  Lc  cy_gpio.o [14]
Cy_GPIO_SetDrivemode    0x1008'5557    0x1c  Code  Lc  zf_driver_gpio.o [49]
Cy_GPIO_SetHSIOM        0x1008'343d    0x4c  Code  Lc  cy_gpio.o [14]
Cy_GPIO_SetInterruptEdge
                        0x1008'3537    0x1c  Code  Lc  cy_gpio.o [14]
Cy_GPIO_SetInterruptMask
                        0x1008'351d    0x1a  Code  Lc  cy_gpio.o [14]
Cy_GPIO_SetSlewRate     0x1008'34d7    0x1a  Code  Lc  cy_gpio.o [14]
Cy_GPIO_SetVtrip        0x1008'34bd    0x1a  Code  Lc  cy_gpio.o [14]
Cy_GPIO_Write           0x1008'3489    0x18  Code  Lc  cy_gpio.o [14]
Cy_RestoreIRQ           0x1008'857d          Code  Gb  startup_cm7.o [31]
Cy_SCB_ClearRxFifo      0x1008'208b    0x1e  Code  Lc  zf_driver_spi.o [49]
Cy_SCB_ClearRxInterrupt
                        0x1008'88af     0xa  Code  Lc  cm7_0_isr.o [45]
Cy_SCB_ClearTxInterrupt
                        0x1008'88bf     0xa  Code  Lc  cm7_0_isr.o [45]
Cy_SCB_GetFifoSize      0x1008'20e5    0x12  Code  Lc  zf_driver_spi.o [49]
Cy_SCB_GetNumInRxFifo   0x1008'2081     0xa  Code  Lc  zf_driver_spi.o [49]
Cy_SCB_GetNumInRxFifo   0x1008'3977     0xa  Code  Lc  zf_driver_uart.o [49]
Cy_SCB_GetNumInTxFifo   0x1008'20af     0xa  Code  Lc  zf_driver_spi.o [49]
Cy_SCB_GetNumInTxFifo   0x1008'3987     0xa  Code  Lc  zf_driver_uart.o [49]
Cy_SCB_GetRxInterruptMask
                        0x1008'88a9     0x6  Code  Lc  cm7_0_isr.o [45]
Cy_SCB_GetRxInterruptMask
                        0x1008'39c3     0x6  Code  Lc  zf_driver_uart.o [49]
Cy_SCB_GetTxInterruptMask
                        0x1008'88b9     0x6  Code  Lc  cm7_0_isr.o [45]
Cy_SCB_GetTxInterruptMask
                        0x1008'39cf     0x6  Code  Lc  zf_driver_uart.o [49]
Cy_SCB_GetTxSrValid     0x1008'20b9     0xa  Code  Lc  zf_driver_spi.o [49]
Cy_SCB_GetTxSrValid     0x1008'3991     0xa  Code  Lc  zf_driver_uart.o [49]
Cy_SCB_IsTxComplete     0x1008'20c3    0x22  Code  Lc  zf_driver_spi.o [49]
Cy_SCB_IsTxComplete     0x1008'399b    0x22  Code  Lc  zf_driver_uart.o [49]
Cy_SCB_ReadRxFifo       0x1008'3971     0x6  Code  Lc  zf_driver_uart.o [49]
Cy_SCB_SPI_ClearRxFifo  0x1008'2115     0x8  Code  Lc  zf_driver_spi.o [49]
Cy_SCB_SPI_Enable       0x1008'20f7     0xa  Code  Lc  zf_driver_spi.o [49]
Cy_SCB_SPI_GetNumInRxFifo
                        0x1008'210d     0x8  Code  Lc  zf_driver_spi.o [49]
Cy_SCB_SPI_Init         0x1008'35d1   0x1d8  Code  Gb  cy_scb_spi.o [24]
Cy_SCB_SPI_SetActiveSlaveSelect
                        0x1008'2101     0xc  Code  Lc  zf_driver_spi.o [49]
Cy_SCB_SetRxInterruptMask
                        0x1008'39bd     0x6  Code  Lc  zf_driver_uart.o [49]
Cy_SCB_SetTxInterruptMask
                        0x1008'39c9     0x6  Code  Lc  zf_driver_uart.o [49]
Cy_SCB_UART_DeInit      0x1008'4805    0x5c  Code  Gb  cy_scb_uart.o [24]
Cy_SCB_UART_Enable      0x1008'39d5     0xa  Code  Lc  zf_driver_uart.o [49]
Cy_SCB_UART_Init        0x1008'4581   0x284  Code  Gb  cy_scb_uart.o [24]
Cy_SCB_WriteTxFifo      0x1008'20a9     0x6  Code  Lc  zf_driver_spi.o [49]
Cy_SCB_WriteTxFifo      0x1008'3981     0x6  Code  Lc  zf_driver_uart.o [49]
Cy_SaveIRQ              0x1008'8575          Code  Gb  startup_cm7.o [31]
Cy_SysClk_CheckDividerExisting
                        0x1008'7cc9    0x2a  Code  Lc  zf_device_mt9v03x.o [48]
Cy_SysClk_CheckDividerExisting
                        0x1008'56b5    0x2a  Code  Lc  zf_driver_delay.o [49]
Cy_SysClk_CheckDividerExisting
                        0x1008'7945    0x2c  Code  Lc  zf_driver_encoder.o [49]
Cy_SysClk_CheckDividerExisting
                        0x1008'211d    0x2c  Code  Lc  zf_driver_spi.o [49]
Cy_SysClk_CheckDividerExisting
                        0x1008'37cd    0x2c  Code  Lc  zf_driver_uart.o [49]
Cy_SysClk_ClkPathGetSource
                        0x1008'5c69    0x54  Code  Gb  cy_sysclk.o [33]
Cy_SysClk_EcoGetStatus  0x1008'5af5    0x1a  Code  Lc  cy_sysclk.o [33]
Cy_SysClk_Fast0ClkGetDivider
                        0x1008'5c3d    0x16  Code  Lc  cy_sysclk.o [33]
Cy_SysClk_Fast1ClkGetDivider
                        0x1008'5c53    0x16  Code  Lc  cy_sysclk.o [33]
Cy_SysClk_FllGetConfiguration
                        0x1008'5cc5    0x7e  Code  Gb  cy_sysclk.o [33]
Cy_SysClk_FllGetLockStatus
                        0x1008'5b0f     0xc  Code  Lc  cy_sysclk.o [33]
Cy_SysClk_GetClockGroup
                        0x1008'7d71     0x8  Code  Lc  zf_device_mt9v03x.o [48]
Cy_SysClk_GetClockGroup
                        0x1008'575d     0x8  Code  Lc  zf_driver_delay.o [49]
Cy_SysClk_GetClockGroup
                        0x1008'79f3     0x8  Code  Lc  zf_driver_encoder.o [49]
Cy_SysClk_GetClockGroup
                        0x1008'2201     0x8  Code  Lc  zf_driver_spi.o [49]
Cy_SysClk_GetClockGroup
                        0x1008'38b1     0x8  Code  Lc  zf_driver_uart.o [49]
Cy_SysClk_GetCoreFrequency
                        0x1008'6389    0x2a  Code  Gb  cy_sysclk.o [33]
Cy_SysClk_GetEcoFrequency
                        0x1008'5e91    0x32  Code  Gb  cy_sysclk.o [33]
Cy_SysClk_GetExtFrequency
                        0x1008'5ec5    0x1e  Code  Gb  cy_sysclk.o [33]
Cy_SysClk_GetFast0Frequency
                        0x1008'62dd    0x56  Code  Gb  cy_sysclk.o [33]
Cy_SysClk_GetFast1Frequency
                        0x1008'6333    0x56  Code  Gb  cy_sysclk.o [33]
Cy_SysClk_GetFllInputFrequency
                        0x1008'5fe5     0xc  Code  Gb  cy_sysclk.o [33]
Cy_SysClk_GetFllOutputFrequency
                        0x1008'600d    0x78  Code  Gb  cy_sysclk.o [33]
Cy_SysClk_GetHfClkFrequency
                        0x1008'625f    0x7a  Code  Gb  cy_sysclk.o [33]
Cy_SysClk_GetIlo0Frequency
                        0x1008'5ee3    0x32  Code  Gb  cy_sysclk.o [33]
Cy_SysClk_GetIlo1Frequency
                        0x1008'5f15    0x32  Code  Gb  cy_sysclk.o [33]
Cy_SysClk_GetImoFrequency
                        0x1008'5e5f    0x32  Code  Gb  cy_sysclk.o [33]
Cy_SysClk_GetPathFrequency
                        0x1008'622d    0x32  Code  Gb  cy_sysclk.o [33]
Cy_SysClk_GetPathSourceFrequency
                        0x1008'5f81    0x64  Code  Gb  cy_sysclk.o [33]
Cy_SysClk_GetPll400MNo  0x1008'5b59    0x14  Code  Lc  cy_sysclk.o [33]
Cy_SysClk_GetPllInputFrequency
                        0x1008'5ff1    0x1c  Code  Gb  cy_sysclk.o [33]
Cy_SysClk_GetPllNo      0x1008'5b1d    0x12  Code  Lc  cy_sysclk.o [33]
Cy_SysClk_GetPllOutputFrequency
                        0x1008'6089   0x1a0  Code  Gb  cy_sysclk.o [33]
Cy_SysClk_GetWcoFrequency
                        0x1008'5f47    0x32  Code  Gb  cy_sysclk.o [33]
Cy_SysClk_HfClockGetDivider
                        0x1008'5bfb    0x42  Code  Lc  cy_sysclk.o [33]
Cy_SysClk_HfClockGetSource
                        0x1008'5ba7    0x54  Code  Lc  cy_sysclk.o [33]
Cy_SysClk_InitGetFreqParams
                        0x1008'5e45    0x1a  Code  Gb  cy_sysclk.o [33]
Cy_SysClk_PeriphAssignDivider
                        0x1008'7d79    0x68  Code  Lc  zf_device_mt9v03x.o [48]
Cy_SysClk_PeriphAssignDivider
                        0x1008'5765    0x68  Code  Lc  zf_driver_delay.o [49]
Cy_SysClk_PeriphAssignDivider
                        0x1008'79fb    0x6a  Code  Lc  zf_driver_encoder.o [49]
Cy_SysClk_PeriphAssignDivider
                        0x1008'2209    0x6a  Code  Lc  zf_driver_spi.o [49]
Cy_SysClk_PeriphAssignDivider
                        0x1008'38b9    0x6a  Code  Lc  zf_driver_uart.o [49]
Cy_SysClk_PeriphEnableDivider
                        0x1008'7de1    0x4c  Code  Lc  zf_device_mt9v03x.o [48]
Cy_SysClk_PeriphEnableDivider
                        0x1008'57cd    0x4c  Code  Lc  zf_driver_delay.o [49]
Cy_SysClk_PeriphEnableDivider
                        0x1008'7a65    0x4e  Code  Lc  zf_driver_encoder.o [49]
Cy_SysClk_PeriphEnableDivider
                        0x1008'2273    0x4e  Code  Lc  zf_driver_spi.o [49]
Cy_SysClk_PeriphEnableDivider
                        0x1008'3923    0x4e  Code  Lc  zf_driver_uart.o [49]
Cy_SysClk_PeriphSetDivider
                        0x1008'7cf3    0x7e  Code  Lc  zf_device_mt9v03x.o [48]
Cy_SysClk_PeriphSetDivider
                        0x1008'56df    0x7e  Code  Lc  zf_driver_delay.o [49]
Cy_SysClk_PeriphSetDivider
                        0x1008'7971    0x82  Code  Lc  zf_driver_encoder.o [49]
Cy_SysClk_PeriphSetFracDivider
                        0x1008'2149    0xb8  Code  Lc  zf_driver_spi.o [49]
Cy_SysClk_PeriphSetFracDivider
                        0x1008'37f9    0xb8  Code  Lc  zf_driver_uart.o [49]
Cy_SysClk_Pll400MGetConfiguration
                        0x1008'5db1    0x84  Code  Gb  cy_sysclk.o [33]
Cy_SysClk_Pll400MGetLockStatus
                        0x1008'5b6d    0x2a  Code  Lc  cy_sysclk.o [33]
Cy_SysClk_PllGetConfiguration
                        0x1008'5d5d    0x48  Code  Gb  cy_sysclk.o [33]
Cy_SysClk_PllGetLockStatus
                        0x1008'5b2f    0x28  Code  Lc  cy_sysclk.o [33]
Cy_SysClk_WcoOkay       0x1008'5b99     0xe  Code  Lc  cy_sysclk.o [33]
Cy_SysInt_InitIRQ       0x1008'4a99    0x7e  Code  Gb  cy_sysint.o [35]
Cy_SysInt_SetSystemIrqVector
                        0x1008'4b17    0x12  Code  Gb  cy_sysint.o [35]
Cy_SysInt_SystemIrqUserTableRamPointer
                        0x2802'bf30     0x4  Data  Gb  cy_interrupt_map.o [23]
Cy_SysLib_DelayCycles   0x1008'9261          Code  Gb  cy_syslib_iar.o [36]
Cy_SysLib_EnterCriticalSection
                        0x1008'9271          Code  Gb  cy_syslib_iar.o [36]
Cy_SysLib_ExitCriticalSection
                        0x1008'9279          Code  Gb  cy_syslib_iar.o [36]
Cy_SysLib_FaultHandler  0x1008'6451    0x90  Code  Gb  cy_syslib.o [36]
Cy_SysLib_Halt          0x1008'644d     0x4  Code  Gb  cy_syslib.o [36]
Cy_SysLib_ProcessingFault
                        0x1008'64f5     0x2  Code  Wk  cy_syslib.o [36]
Cy_SysLib_SvcHandler    0x1008'93dd     0xc  Code  Wk  cy_syslib.o [36]
Cy_SystemInitFpuEnable  0x1008'8515    0x1e  Code  Gb  system_tviibh4m_cm7.o [22]
Cy_SystemIrqUserTable   0x2802'b844   0x6ec  Data  Gb  cy_interrupt_map.o [23]
Cy_Tcpwm_Counter_ClearTC_Intr
                        0x1008'5ad7    0x10  Code  Gb  cy_tcpwm_counter.o [43]
Cy_Tcpwm_Counter_Enable
                        0x1008'5ab9     0xa  Code  Gb  cy_tcpwm_counter.o [43]
Cy_Tcpwm_Counter_GetCounter
                        0x1008'5ac7     0x4  Code  Gb  cy_tcpwm_counter.o [43]
Cy_Tcpwm_Counter_Init   0x1008'5939   0x16c  Code  Gb  cy_tcpwm_counter.o [43]
Cy_Tcpwm_Counter_SetCounter
                        0x1008'5ac3     0x4  Code  Gb  cy_tcpwm_counter.o [43]
Cy_Tcpwm_Counter_SetTC_IntrMask
                        0x1008'5acb     0xc  Code  Gb  cy_tcpwm_counter.o [43]
Cy_Tcpwm_TriggerStart   0x1008'5ae7     0xc  Code  Gb  cy_tcpwm.o [43]
Cy_u32StartupStackEndAddress
                        0x1008'8c00          Data  Gb  startup_cm7.o [31]
Cy_u32StartupStackStartAddress
                        0x1008'8bfc          Data  Gb  startup_cm7.o [31]
DebugMon_Handler        0x1008'9475          Code  Wk  startup_cm7.o [31]
HEAP_STACK$$Base        0x2807'e000           --   Gb  - Linker created -
HEAP_STACK$$Limit       0x2808'0000           --   Gb  - Linker created -
HardFault_Handler       0x1008'9241          Code  Wk  startup_cm7.o [31]
InitRamEcc              0x1008'82af   0x100  Code  Lc  startup.o [31]
InitRamEccClearArea     0x1008'83af    0x12  Code  Lc  startup.o [31]
MemManage_Handler       0x1008'9469          Code  Wk  startup_cm7.o [31]
NMI_Handler             0x1008'9465          Code  Wk  startup_cm7.o [31]
PendSV_Handler          0x1008'9479          Code  Wk  startup_cm7.o [31]
Region$$Table$$Base     0x1008'9220           --   Gb  - Linker created -
Region$$Table$$Limit    0x1008'9240           --   Gb  - Linker created -
Reset_Handler           0x1008'8b55          Code  Wk  startup_cm7.o [31]
SVC_Handler             0x1008'9301          Code  Wk  startup_cm7.o [31]
Startup_Init            0x1008'8221    0x8e  Code  Gb  startup.o [31]
SysTick_Handler         0x1008'947d          Code  Wk  startup_cm7.o [31]
SystemCoreClock         0x2803'1dcc     0x4  Data  Gb  system_tviibh4m_cm7.o [22]
SystemCoreClockUpdate   0x1008'8481    0x94  Code  Gb  system_tviibh4m_cm7.o [22]
SystemInit              0x1008'8425    0x5c  Code  Gb  system_tviibh4m_cm7.o [22]
UsageFault_Handler      0x1008'9471          Code  Wk  startup_cm7.o [31]
_PrintfTiny             0x1008'48ad   0x124  Code  Gb  xprintftiny.o [50]
_SProut                 0x1008'37c3     0xa  Code  Gb  xsprout.o [50]
__NVIC_ClearPendingIRQ  0x1008'8585    0x1c  Code  Lc  cy_interrupt_map.o [23]
__NVIC_ClearPendingIRQ  0x1008'44b1    0x1c  Code  Lc  zf_common_interrupt.o [46]
__NVIC_EnableIRQ        0x1008'4495    0x1c  Code  Lc  zf_common_interrupt.o [46]
__NVIC_SetPriority      0x1008'44cd    0x24  Code  Lc  zf_common_interrupt.o [46]
__Vectors               0x1008'0000           --   Gb  startup_cm7.o [31]
__Vectors_End           0x1008'0080          Data  Gb  startup_cm7.o [31]
__Vectors_Size {Abs}           0x80           --   Gb  startup_cm7.o [31]
__aeabi_ldiv0           0x1008'37c1          Code  Gb  I64DivZer.o [52]
__aeabi_memclr4         0x1008'4579          Code  Gb  ABImemclr4.o [52]
__aeabi_memcpy          0x1008'49d1          Code  Gb  ABImemcpy.o [52]
__aeabi_memcpy4         0x1008'49f1          Code  Gb  ABImemcpy.o [52]
__aeabi_memcpy8         0x1008'49f1          Code  Gb  ABImemcpy.o [52]
__aeabi_memset          0x1008'2f15          Code  Gb  ABImemset.o [52]
__aeabi_uldivmod        0x1008'2ce5          Code  Gb  I64DivMod.o [52]
__cmain                 0x1008'9281          Code  Gb  cmain.o [52]
__ecc_init_dtcm_end_address {Abs}
                        0x2000'3fff          Data  Gb  <internal module>
__ecc_init_dtcm_start_address {Abs}
                        0x2000'0000          Data  Gb  <internal module>
__ecc_init_itcm_end_address {Abs}
                             0x3fff          Data  Gb  <internal module>
__ecc_init_itcm_start_address {Abs}
                                0x0          Data  Gb  <internal module>
__ecc_init_sram_end_address {Abs}
                        0x2807'ffff          Data  Gb  <internal module>
__ecc_init_sram_start_address {Abs}
                        0x2802'0000          Data  Gb  <internal module>
__exit                  0x1008'92b5    0x14  Code  Gb  exit.o [53]
__iar_Memset            0x1008'2f15          Code  Gb  ABImemset.o [52]
__iar_Memset4_word      0x1008'4b45          Code  Gb  ABImemset48.o [52]
__iar_Memset8_word      0x1008'4b45          Code  Gb  ABImemset48.o [52]
__iar_Memset_word       0x1008'2f1d          Code  Gb  ABImemset.o [52]
__iar_data_init3        0x1008'91d5    0x28  Code  Gb  data_init.o [52]
__iar_init_vfp          0x1008'91fd          Code  Gb  fpinit_M.o [51]
__iar_lz77_init_single3
                        0x1008'2f7b    0x7e  Code  Gb  lz77_init_single.o [52]
__iar_program_start     0x1008'931d          Code  Gb  cstartup_M.o [52]
__iar_zero_init3        0x1008'9175    0x38  Code  Gb  zero_init3.o [52]
__low_level_init        0x1008'92a1          Code  Gb  startup_cm7.o [31]
__ramVectors            0x2803'1e80          Data  Gb  startup_cm7.o [31]
__vector_table          0x1008'0000          Data  Gb  startup_cm7.o [31]
__vector_table_0x1c     0x1008'001c          Data  Gb  startup_cm7.o [31]
_call_main              0x1008'928d          Code  Gb  cmain.o [52]
_exit                   0x1008'92a9          Code  Gb  cexit.o [52]
ascii_font_6x8          0x1008'7ff8   0x228  Data  Gb  zf_common_font.o [46]
ascii_font_8x16         0x1008'7354   0x5f0  Data  Gb  zf_common_font.o [46]
assert_interrupt_config
                        0x1008'4529     0xc  Code  Gb  zf_common_interrupt.o [46]
camera_finish_callback  0x1008'7e2d    0x1e  Code  Gb  zf_device_mt9v03x.o [48]
clock_init              0x1008'8e8d    0x16  Code  Gb  zf_common_clock.o [46]
cs_pin_save             0x2803'1dec     0x4  Data  Gb  zf_driver_spi.o [49]
cy_assertFileName       0x2803'1d44    0x18  Data  Gb  cy_syslib.o [36]
cy_assertLine           0x2803'1dc8     0x4  Data  Gb  cy_syslib.o [36]
cy_delay32kMs           0x2803'1ddc     0x4  Data  Gb  system_tviibh4m_cm7.o [22]
cy_delayFreqHz          0x2803'1dd0     0x4  Data  Gb  system_tviibh4m_cm7.o [22]
cy_delayFreqKhz         0x2803'1dd4     0x4  Data  Gb  system_tviibh4m_cm7.o [22]
cy_delayFreqMhz         0x2803'1dd8     0x4  Data  Gb  system_tviibh4m_cm7.o [22]
cy_faultFrame           0x2803'1c3c    0x70  Data  Gb  cy_syslib.o [36]
data_buffer             0x2803'17c4   0x1e0  Data  Lc  zf_device_ips114.o [48]
debug_assert_handler    0x1008'3317    0x3c  Code  Gb  zf_common_debug.o [46]
debug_assert_handler::assert_nest_index
                        0x2803'1e07     0x1  Data  Lc  zf_common_debug.o [46]
debug_delay             0x1008'2ff9    0x36  Code  Lc  zf_common_debug.o [46]
debug_info_init         0x1008'33bd    0x18  Code  Gb  zf_common_debug.o [46]
debug_init              0x1008'33d5    0x2a  Code  Gb  zf_common_debug.o [46]
debug_interrupr_handler
                        0x1008'32f7    0x20  Code  Gb  zf_common_debug.o [46]
debug_log_handler       0x1008'3353    0x20  Code  Gb  zf_common_debug.o [46]
debug_output            0x1008'303b   0x2bc  Code  Lc  zf_common_debug.o [46]
debug_output_info       0x2803'1da4    0x14  Data  Lc  zf_common_debug.o [46]
debug_output_init       0x1008'3393    0x2a  Code  Gb  zf_common_debug.o [46]
debug_output_struct_init
                        0x1008'3373    0x20  Code  Gb  zf_common_debug.o [46]
debug_uart_buffer       0x2803'1cac    0x40  Data  Gb  zf_common_debug.o [46]
debug_uart_data         0x2803'1e06     0x1  Data  Gb  zf_common_debug.o [46]
debug_uart_fifo         0x2803'1d5c    0x18  Data  Gb  zf_common_debug.o [46]
debug_uart_str_output   0x1008'302f     0xc  Code  Lc  zf_common_debug.o [46]
delay_clk               0x2802'bf9c     0x2  Data  Lc  zf_driver_delay.o [49]
divNumLocator           0x1008'93e8     0x8  Data  Gb  cy_sysclk.o [33]
encoder_clk             0x2802'bf44     0x8  Data  Gb  zf_driver_encoder.o [49]
encoder_dir_init        0x1008'7b25   0x184  Code  Gb  zf_driver_encoder.o [49]
encoder_mode            0x2803'1de8     0x4  Data  Lc  zf_driver_encoder.o [49]
encoder_module          0x2802'bf4c    0x10  Data  Gb  zf_driver_encoder.o [49]
exit                    0x1008'92a5     0x4  Code  Gb  exit.o [50]
fifo_clear              0x1008'4081    0x74  Code  Gb  zf_common_fifo.o [46]
fifo_end_offset         0x1008'4067    0x1a  Code  Lc  zf_common_fifo.o [46]
fifo_head_offset        0x1008'404d    0x1a  Code  Lc  zf_common_fifo.o [46]
fifo_init               0x1008'4457    0x3a  Code  Gb  zf_common_fifo.o [46]
fifo_read_buffer        0x1008'42b7   0x1a0  Code  Gb  zf_common_fifo.o [46]
fifo_used               0x1008'40f5    0x22  Code  Gb  zf_common_fifo.o [46]
fifo_write_buffer       0x1008'4117   0x1a0  Code  Gb  zf_common_fifo.o [46]
get_ch1_hsiom           0x1008'7ad9    0x26  Code  Lc  zf_driver_encoder.o [49]
get_ch1_pin             0x1008'7ab3    0x26  Code  Lc  zf_driver_encoder.o [49]
get_ch2_pin             0x1008'7aff    0x26  Code  Lc  zf_driver_encoder.o [49]
get_scb_module          0x1008'3b2b    0x44  Code  Gb  zf_driver_uart.o [49]
get_uart_config         0x1008'39df   0x14c  Code  Lc  zf_driver_uart.o [49]
gnss_flag               0x2803'1e08     0x1  Data  Gb  zf_device_gnss.o [48]
gnss_gga_state          0x2803'1e0a     0x1  Data  Lc  zf_device_gnss.o [48]
gnss_receiver_fifo      0x2803'1d74    0x18  Data  Lc  zf_device_gnss.o [48]
gnss_rmc_state          0x2803'1e0b     0x1  Data  Lc  zf_device_gnss.o [48]
gnss_state              0x2803'1e09     0x1  Data  Lc  zf_device_gnss.o [48]
gnss_ths_state          0x2803'1e0c     0x1  Data  Lc  zf_device_gnss.o [48]
gnss_uart_callback      0x1008'8a15    0xe2  Code  Gb  zf_device_gnss.o [48]
gpio_get_level          0x1008'55b7    0x22  Code  Gb  zf_driver_gpio.o [49]
gpio_init               0x1008'5627    0x88  Code  Gb  zf_driver_gpio.o [49]
gpio_set_dir            0x1008'55d9    0x4e  Code  Gb  zf_driver_gpio.o [49]
gpio_set_level          0x1008'5573    0x44  Code  Gb  zf_driver_gpio.o [49]
gps_gga_buffer          0x2803'1abc    0x80  Data  Lc  zf_device_gnss.o [48]
gps_rmc_buffer          0x2803'1b3c    0x80  Data  Lc  zf_device_gnss.o [48]
gps_ths_buffer          0x2803'1bbc    0x80  Data  Lc  zf_device_gnss.o [48]
imu660ra_config_file    0x1008'0080  0x2000  Data  Gb  zf_device_config.o [54]
imu660ra_init           0x1008'87b1    0xd0  Code  Gb  zf_device_imu660ra.o [48]
imu660ra_read_register  0x1008'8759    0x26  Code  Lc  zf_device_imu660ra.o [48]
imu660ra_self_check     0x1008'877f    0x32  Code  Lc  zf_device_imu660ra.o [48]
imu660ra_transition_factor
                        0x2802'bf34     0x8  Data  Gb  zf_device_imu660ra.o [48]
imu660ra_write_register
                        0x1008'871d    0x1e  Code  Lc  zf_device_imu660ra.o [48]
imu660ra_write_registers
                        0x1008'873b    0x1e  Code  Lc  zf_device_imu660ra.o [48]
intFreqInitialized      0x2803'1e04     0x1  Data  Gb  cy_sysclk.o [33]
internalBaseFreqInfo    0x2803'1d2c    0x18  Data  Gb  cy_sysclk.o [33]
interrupt_global_disable
                        0x1008'4501    0x14  Code  Gb  zf_common_interrupt.o [46]
interrupt_global_enable
                        0x1008'44f1    0x10  Code  Gb  zf_common_interrupt.o [46]
interrupt_global_flag   0x2803'1de4     0x4  Data  Lc  zf_common_interrupt.o [46]
interrupt_init          0x1008'4541    0x36  Code  Gb  zf_common_interrupt.o [46]
interrupt_set_priority  0x1008'4535     0xc  Code  Gb  zf_common_interrupt.o [46]
ips114_bgcolor          0x2802'bf9a     0x2  Data  Lc  zf_device_ips114.o [48]
ips114_clear            0x1008'4db1    0x66  Code  Gb  zf_device_ips114.o [48]
ips114_debug_init       0x1008'4d47    0x68  Code  Lc  zf_device_ips114.o [48]
ips114_display_dir      0x2803'1e0d     0x1  Data  Lc  zf_device_ips114.o [48]
ips114_display_font     0x2802'bf9f     0x1  Data  Lc  zf_device_ips114.o [48]
ips114_height_max       0x2802'bf96     0x2  Data  Gb  zf_device_ips114.o [48]
ips114_init             0x1008'5291   0x27c  Code  Gb  zf_device_ips114.o [48]
ips114_pencolor         0x2802'bf98     0x2  Data  Lc  zf_device_ips114.o [48]
ips114_set_color        0x1008'4e59     0xe  Code  Gb  zf_device_ips114.o [48]
ips114_set_dir          0x1008'4e17    0x3a  Code  Gb  zf_device_ips114.o [48]
ips114_set_font         0x1008'4e51     0x8  Code  Gb  zf_device_ips114.o [48]
ips114_set_region       0x1008'4b97   0x1b0  Code  Lc  zf_device_ips114.o [48]
ips114_show_char        0x1008'4e67   0x1f4  Code  Gb  zf_device_ips114.o [48]
ips114_show_gray_image  0x1008'5121   0x14c  Code  Gb  zf_device_ips114.o [48]
ips114_show_string      0x1008'505d    0xaa  Code  Gb  zf_device_ips114.o [48]
ips114_width_max        0x2802'bf94     0x2  Data  Gb  zf_device_ips114.o [48]
ips114_write_index      0x1008'4b79    0x1e  Code  Lc  zf_device_ips114.o [48]
main                    0x1008'8e21    0x6c  Code  Gb  main_cm7_0.o [45]
mt9v03x_auto_exp        0x2803'1df8     0x4  Data  Lc  zf_device_config_mt9v03x.o [54]
mt9v03x_exp_time        0x2803'1dfc     0x4  Data  Lc  zf_device_config_mt9v03x.o [54]
mt9v03x_finish_flag     0x2803'1e0e     0x1  Data  Gb  zf_device_mt9v03x.o [48]
mt9v03x_h_blank         0x2803'1df4     0x4  Data  Lc  zf_device_config_mt9v03x.o [54]
mt9v03x_iic_inf_struct  0x2803'1db8    0x10  Data  Lc  zf_device_config_mt9v03x.o [54]
mt9v03x_image           0x2802'bfa4  0x5820  Data  Gb  zf_device_mt9v03x.o [48]
mt9v03x_image_temp      0x2802'6024  0x5820  Data  Wk  zf_device_mt9v03x.o [48]
mt9v03x_init            0x1008'7f37    0x86  Code  Gb  zf_device_mt9v03x.o [48]
mt9v03x_read_word_sccb  0x1008'65b5    0x28  Code  Lc  zf_device_config_mt9v03x.o [54]
mt9v03x_row             0x2803'1e00     0x4  Data  Lc  zf_device_config_mt9v03x.o [54]
mt9v03x_sccb_check_id   0x1008'65dd    0x60  Code  Gb  zf_device_config_mt9v03x.o [54]
mt9v03x_sccb_init       0x1008'7efb    0x3c  Code  Gb  zf_device_mt9v03x.o [48]
mt9v03x_sccb_set_config
                        0x1008'663d   0x6fe  Code  Gb  zf_device_config_mt9v03x.o [54]
mt9v03x_trig_init       0x1008'7e4b    0xb0  Code  Lc  zf_device_mt9v03x.o [48]
mt9v03x_v_blank         0x2803'1df0     0x4  Data  Lc  zf_device_config_mt9v03x.o [54]
mt9v03x_write_and_check_word_sccb
                        0x1008'6523    0x92  Code  Lc  zf_device_config_mt9v03x.o [54]
mt9v03x_write_word_sccb
                        0x1008'64f9    0x2a  Code  Lc  zf_device_config_mt9v03x.o [54]
out                     0x1008'4895    0x18  Code  Lc  xprintftiny.o [50]
pwm_all_channel_close   0x1008'4a79    0x1a  Code  Gb  zf_driver_pwm.o [49]
scb_module              0x2802'bf80    0x14  Data  Gb  zf_driver_uart.o [49]
set_wireless_type       0x1008'8ddf    0x32  Code  Gb  zf_device_type.o [48]
soft_iic_init           0x1008'72d9    0x78  Code  Gb  zf_driver_soft_iic.o [49]
soft_iic_read_data      0x1008'7103   0x10e  Code  Lc  zf_driver_soft_iic.o [49]
soft_iic_sccb_read_register
                        0x1008'726d    0x6c  Code  Gb  zf_driver_soft_iic.o [49]
soft_iic_sccb_write_register
                        0x1008'721d    0x4c  Code  Gb  zf_driver_soft_iic.o [49]
soft_iic_send_ack       0x1008'6e95    0xc6  Code  Lc  zf_driver_soft_iic.o [49]
soft_iic_send_data      0x1008'702b    0xd8  Code  Lc  zf_driver_soft_iic.o [49]
soft_iic_start          0x1008'6d59    0x9e  Code  Lc  zf_driver_soft_iic.o [49]
soft_iic_stop           0x1008'6df7    0x9e  Code  Lc  zf_driver_soft_iic.o [49]
soft_iic_wait_ack       0x1008'6f5b    0xd0  Code  Lc  zf_driver_soft_iic.o [49]
spi_get_clk_hsiom       0x1008'237d    0x28  Code  Lc  zf_driver_spi.o [49]
spi_get_clk_pin         0x1008'22c1    0x28  Code  Lc  zf_driver_spi.o [49]
spi_get_cs_hsiom        0x1008'23f5    0x44  Code  Lc  zf_driver_spi.o [49]
spi_get_cs_pin          0x1008'2339    0x44  Code  Lc  zf_driver_spi.o [49]
spi_get_miso_hsiom      0x1008'23cd    0x28  Code  Lc  zf_driver_spi.o [49]
spi_get_miso_pin        0x1008'2311    0x28  Code  Lc  zf_driver_spi.o [49]
spi_get_mosi_hsiom      0x1008'23a5    0x28  Code  Lc  zf_driver_spi.o [49]
spi_get_mosi_pin        0x1008'22e9    0x28  Code  Lc  zf_driver_spi.o [49]
spi_init                0x1008'2a41   0x28e  Code  Gb  zf_driver_spi.o [49]
spi_module              0x2802'bf5c    0x10  Data  Gb  zf_driver_spi.o [49]
spi_read_8bit_registers
                        0x1008'294d    0xe2  Code  Gb  zf_driver_spi.o [49]
spi_write_16bit         0x1008'261f    0xaa  Code  Gb  zf_driver_spi.o [49]
spi_write_16bit_array   0x1008'26c9    0xb6  Code  Gb  zf_driver_spi.o [49]
spi_write_8bit          0x1008'2575    0xaa  Code  Gb  zf_driver_spi.o [49]
spi_write_8bit_register
                        0x1008'277f    0xde  Code  Gb  zf_driver_spi.o [49]
spi_write_8bit_registers
                        0x1008'285d    0xe8  Code  Gb  zf_driver_spi.o [49]
sprintf                 0x1008'400d    0x40  Code  Gb  sprintf.o [50]
strlen                  0x1008'3fd5          Code  Gb  strlen.o [52]
strncmp                 0x1008'8b29    0x2a  Code  Gb  strncmp.o [50]
strncpy                 0x1008'63dd          Code  Gb  strncpy.o [52]
switch_transition_length
                        0x1008'2439   0x13c  Code  Lc  zf_driver_spi.o [49]
system_clock            0x2803'1de0     0x4  Data  Gb  zf_common_clock.o [46]
system_delay_init       0x1008'5877    0xa6  Code  Gb  zf_driver_delay.o [49]
system_delay_ms         0x1008'5819    0x5e  Code  Gb  zf_driver_delay.o [49]
timer_ch                0x2802'bfa0     0x1  Data  Lc  zf_driver_delay.o [49]
type_default_callback   0x1008'8ddd     0x2  Code  Lc  zf_device_type.o [48]
uart0_isr               0x1008'88c9    0x40  Code  Gb  cm7_0_isr.o [45]
uart1_isr               0x1008'8909    0x42  Code  Gb  cm7_0_isr.o [45]
uart2_isr               0x1008'894b    0x40  Code  Gb  cm7_0_isr.o [45]
uart3_isr               0x1008'898b    0x3c  Code  Gb  cm7_0_isr.o [45]
uart4_isr               0x1008'89c7    0x42  Code  Gb  cm7_0_isr.o [45]
uart_context            0x2803'19a4   0x118  Data  Gb  zf_driver_uart.o [49]
uart_init               0x1008'3dff   0x190  Code  Gb  zf_driver_uart.o [49]
uart_isr_func           0x2802'bf6c    0x14  Data  Gb  zf_driver_uart.o [49]
uart_query_byte         0x1008'3bb3    0x32  Code  Gb  zf_driver_uart.o [49]
uart_receiver_handler   0x2802'bf40     0x4  Data  Gb  zf_device_type.o [48]
uart_rx_interrupt       0x1008'3d01    0xfe  Code  Gb  zf_driver_uart.o [49]
uart_tx_interrupt       0x1008'3be5   0x11c  Code  Gb  zf_driver_uart.o [49]
uart_write_byte         0x1008'3b6f    0x28  Code  Gb  zf_driver_uart.o [49]
uart_write_string       0x1008'3b97    0x1c  Code  Gb  zf_driver_uart.o [49]
wireless_module_uart_handler
                        0x2802'bf3c     0x4  Data  Gb  zf_device_type.o [48]
wireless_type           0x2803'1e0f     0x1  Data  Gb  zf_device_type.o [48]
wireless_uart_buffer    0x2803'1cec    0x40  Data  Lc  zf_device_wireless_uart.o [48]
wireless_uart_callback  0x1008'8d6d    0x1c  Code  Gb  zf_device_wireless_uart.o [48]
wireless_uart_data      0x2803'1e10     0x1  Data  Lc  zf_device_wireless_uart.o [48]
wireless_uart_fifo      0x2803'1d8c    0x18  Data  Lc  zf_device_wireless_uart.o [48]
wireless_uart_init      0x1008'8d89    0x40  Code  Gb  zf_device_wireless_uart.o [48]
zf_debug_assert_enable  0x2802'bf9e     0x1  Data  Lc  zf_common_debug.o [46]
zf_debug_init_flag      0x2803'1e05     0x1  Data  Lc  zf_common_debug.o [46]


[1] = E:\code\car\CYT4BB7_Library\Seekfree_CYT4BB_Opensource_Library\project\iar\Debug_m7_0\Obj\adc_11722776235721520015.dir
[2] = E:\code\car\CYT4BB7_Library\Seekfree_CYT4BB_Opensource_Library\project\iar\Debug_m7_0\Obj\audioss_1346650047966882938.dir
[3] = E:\code\car\CYT4BB7_Library\Seekfree_CYT4BB_Opensource_Library\project\iar\Debug_m7_0\Obj\button_4990804375159372270.dir
[4] = E:\code\car\CYT4BB7_Library\Seekfree_CYT4BB_Opensource_Library\project\iar\Debug_m7_0\Obj\canfd_1800690984773873875.dir
[5] = E:\code\car\CYT4BB7_Library\Seekfree_CYT4BB_Opensource_Library\project\iar\Debug_m7_0\Obj\code_17896468042025673432.dir
[6] = E:\code\car\CYT4BB7_Library\Seekfree_CYT4BB_Opensource_Library\project\iar\Debug_m7_0\Obj\cpu_15938736945165268644.dir
[7] = E:\code\car\CYT4BB7_Library\Seekfree_CYT4BB_Opensource_Library\project\iar\Debug_m7_0\Obj\crypto_1190170608956581615.dir
[8] = E:\code\car\CYT4BB7_Library\Seekfree_CYT4BB_Opensource_Library\project\iar\Debug_m7_0\Obj\dma_12106025507578611576.dir
[9] = E:\code\car\CYT4BB7_Library\Seekfree_CYT4BB_Opensource_Library\project\iar\Debug_m7_0\Obj\eth_phy_18133017486186456677.dir
[10] = E:\code\car\CYT4BB7_Library\Seekfree_CYT4BB_Opensource_Library\project\iar\Debug_m7_0\Obj\ethernet_6029839089178797009.dir
[11] = E:\code\car\CYT4BB7_Library\Seekfree_CYT4BB_Opensource_Library\project\iar\Debug_m7_0\Obj\evtgen_3404189088603873129.dir
[12] = E:\code\car\CYT4BB7_Library\Seekfree_CYT4BB_Opensource_Library\project\iar\Debug_m7_0\Obj\flash_8529866181315662935.dir
[13] = E:\code\car\CYT4BB7_Library\Seekfree_CYT4BB_Opensource_Library\project\iar\Debug_m7_0\Obj\flash_864493325053435817.dir
[14] = E:\code\car\CYT4BB7_Library\Seekfree_CYT4BB_Opensource_Library\project\iar\Debug_m7_0\Obj\gpio_3999404635324069351.dir
[15] = E:\code\car\CYT4BB7_Library\Seekfree_CYT4BB_Opensource_Library\project\iar\Debug_m7_0\Obj\ipc_10145506163450686023.dir
[16] = E:\code\car\CYT4BB7_Library\Seekfree_CYT4BB_Opensource_Library\project\iar\Debug_m7_0\Obj\lin_18429031207028094880.dir
[17] = E:\code\car\CYT4BB7_Library\Seekfree_CYT4BB_Opensource_Library\project\iar\Debug_m7_0\Obj\lvd_6353935867039560245.dir
[18] = E:\code\car\CYT4BB7_Library\Seekfree_CYT4BB_Opensource_Library\project\iar\Debug_m7_0\Obj\mcwdt_4052485907822033969.dir
[19] = E:\code\car\CYT4BB7_Library\Seekfree_CYT4BB_Opensource_Library\project\iar\Debug_m7_0\Obj\mpu_5663187252346826382.dir
[20] = E:\code\car\CYT4BB7_Library\Seekfree_CYT4BB_Opensource_Library\project\iar\Debug_m7_0\Obj\power_14453085144426420577.dir
[21] = E:\code\car\CYT4BB7_Library\Seekfree_CYT4BB_Opensource_Library\project\iar\Debug_m7_0\Obj\prot_10722960861768657883.dir
[22] = E:\code\car\CYT4BB7_Library\Seekfree_CYT4BB_Opensource_Library\project\iar\Debug_m7_0\Obj\rev_b_4986922561640112550.dir
[23] = E:\code\car\CYT4BB7_Library\Seekfree_CYT4BB_Opensource_Library\project\iar\Debug_m7_0\Obj\rev_b_6162237342861132223.dir
[24] = E:\code\car\CYT4BB7_Library\Seekfree_CYT4BB_Opensource_Library\project\iar\Debug_m7_0\Obj\scb_15490842639181808494.dir
[25] = E:\code\car\CYT4BB7_Library\Seekfree_CYT4BB_Opensource_Library\project\iar\Debug_m7_0\Obj\sd_host_2982766354293506895.dir
[26] = E:\code\car\CYT4BB7_Library\Seekfree_CYT4BB_Opensource_Library\project\iar\Debug_m7_0\Obj\semihosting_143864889731838620.dir
[27] = E:\code\car\CYT4BB7_Library\Seekfree_CYT4BB_Opensource_Library\project\iar\Debug_m7_0\Obj\smartio_5451710003740070188.dir
[28] = E:\code\car\CYT4BB7_Library\Seekfree_CYT4BB_Opensource_Library\project\iar\Debug_m7_0\Obj\smif_427648126384146252.dir
[29] = E:\code\car\CYT4BB7_Library\Seekfree_CYT4BB_Opensource_Library\project\iar\Debug_m7_0\Obj\smif_mem_6470536964353725183.dir
[30] = E:\code\car\CYT4BB7_Library\Seekfree_CYT4BB_Opensource_Library\project\iar\Debug_m7_0\Obj\srom_13018798572330080582.dir
[31] = E:\code\car\CYT4BB7_Library\Seekfree_CYT4BB_Opensource_Library\project\iar\Debug_m7_0\Obj\startup_479057977785470282.dir
[32] = E:\code\car\CYT4BB7_Library\Seekfree_CYT4BB_Opensource_Library\project\iar\Debug_m7_0\Obj\sw_timer_4215635015939382130.dir
[33] = E:\code\car\CYT4BB7_Library\Seekfree_CYT4BB_Opensource_Library\project\iar\Debug_m7_0\Obj\sysclk_16149231235676103872.dir
[34] = E:\code\car\CYT4BB7_Library\Seekfree_CYT4BB_Opensource_Library\project\iar\Debug_m7_0\Obj\sysflt_12293435975120599261.dir
[35] = E:\code\car\CYT4BB7_Library\Seekfree_CYT4BB_Opensource_Library\project\iar\Debug_m7_0\Obj\sysint_7435970359207984181.dir
[36] = E:\code\car\CYT4BB7_Library\Seekfree_CYT4BB_Opensource_Library\project\iar\Debug_m7_0\Obj\syslib_16330585751512546975.dir
[37] = E:\code\car\CYT4BB7_Library\Seekfree_CYT4BB_Opensource_Library\project\iar\Debug_m7_0\Obj\syspm_10887939769544754770.dir
[38] = E:\code\car\CYT4BB7_Library\Seekfree_CYT4BB_Opensource_Library\project\iar\Debug_m7_0\Obj\sysreghc_17676636058511625587.dir
[39] = E:\code\car\CYT4BB7_Library\Seekfree_CYT4BB_Opensource_Library\project\iar\Debug_m7_0\Obj\sysreset_14586141425677365288.dir
[40] = E:\code\car\CYT4BB7_Library\Seekfree_CYT4BB_Opensource_Library\project\iar\Debug_m7_0\Obj\sysrtc_10747768817563771611.dir
[41] = E:\code\car\CYT4BB7_Library\Seekfree_CYT4BB_Opensource_Library\project\iar\Debug_m7_0\Obj\systick_16016591671695740695.dir
[42] = E:\code\car\CYT4BB7_Library\Seekfree_CYT4BB_Opensource_Library\project\iar\Debug_m7_0\Obj\syswdt_9118657615806274156.dir
[43] = E:\code\car\CYT4BB7_Library\Seekfree_CYT4BB_Opensource_Library\project\iar\Debug_m7_0\Obj\tcpwm_422923530147891246.dir
[44] = E:\code\car\CYT4BB7_Library\Seekfree_CYT4BB_Opensource_Library\project\iar\Debug_m7_0\Obj\trigmux_9729677290734583340.dir
[45] = E:\code\car\CYT4BB7_Library\Seekfree_CYT4BB_Opensource_Library\project\iar\Debug_m7_0\Obj\user_8514941877209965082.dir
[46] = E:\code\car\CYT4BB7_Library\Seekfree_CYT4BB_Opensource_Library\project\iar\Debug_m7_0\Obj\zf_common_1201165462030747823.dir
[47] = E:\code\car\CYT4BB7_Library\Seekfree_CYT4BB_Opensource_Library\project\iar\Debug_m7_0\Obj\zf_components_14936052685886095442.dir
[48] = E:\code\car\CYT4BB7_Library\Seekfree_CYT4BB_Opensource_Library\project\iar\Debug_m7_0\Obj\zf_device_6570275422786408770.dir
[49] = E:\code\car\CYT4BB7_Library\Seekfree_CYT4BB_Opensource_Library\project\iar\Debug_m7_0\Obj\zf_driver_11922370083829174090.dir
[50] = dl7M_tln.a
[51] = m7M_tlv.a
[52] = rt7M_tl.a
[53] = shb_l.a
[54] = zf_device_config.a

  26'290 bytes of readonly  code memory
  11'889 bytes of readonly  data memory
  34'378 bytes of readwrite data memory (+ 22'560 absolute)

Errors: none
Warnings: none
